-- The C compiler identification is GNU 11.4.0
-- The CXX compiler identification is GNU 11.4.0
-- Detecting C compiler ABI info
-- Detecting C compiler ABI info - done
-- Check for working C compiler: /usr/bin/cc - skipped
-- Detecting C compile features
-- Detecting C compile features - done
-- Detecting CXX compiler ABI info
-- Detecting CXX compiler ABI info - done
-- Check for working CXX compiler: /usr/bin/c++ - skipped
-- Detecting CXX compile features
-- Detecting CXX compile features - done
-- Found ament_cmake: 1.3.14 (/opt/ros/humble/share/ament_cmake/cmake)
-- Found Python3: /usr/bin/python3 (found version "3.10.12") found components: Interpreter 
-- Override CMake install command with custom implementation using symlinks instead of copying resources
-- Configuring done
-- Generating done
-- Build files have been written to: /ws/build/bcr_ur5e_description
-- Install configuration: ""
-- Execute custom install script
-- Symlinking: /ws/install/bcr_ur5e_description/share/bcr_ur5e_description/mujoco/assets/base_0.obj
-- Symlinking: /ws/install/bcr_ur5e_description/share/bcr_ur5e_description/mujoco/assets/base_1.obj
-- Symlinking: /ws/install/bcr_ur5e_description/share/bcr_ur5e_description/mujoco/assets/forearm_0.obj
-- Symlinking: /ws/install/bcr_ur5e_description/share/bcr_ur5e_description/mujoco/assets/forearm_1.obj
-- Symlinking: /ws/install/bcr_ur5e_description/share/bcr_ur5e_description/mujoco/assets/forearm_2.obj
-- Symlinking: /ws/install/bcr_ur5e_description/share/bcr_ur5e_description/mujoco/assets/forearm_3.obj
-- Symlinking: /ws/install/bcr_ur5e_description/share/bcr_ur5e_description/mujoco/assets/shoulder_0.obj
-- Symlinking: /ws/install/bcr_ur5e_description/share/bcr_ur5e_description/mujoco/assets/shoulder_1.obj
-- Symlinking: /ws/install/bcr_ur5e_description/share/bcr_ur5e_description/mujoco/assets/shoulder_2.obj
-- Symlinking: /ws/install/bcr_ur5e_description/share/bcr_ur5e_description/mujoco/assets/upperarm_0.obj
-- Symlinking: /ws/install/bcr_ur5e_description/share/bcr_ur5e_description/mujoco/assets/upperarm_1.obj
-- Symlinking: /ws/install/bcr_ur5e_description/share/bcr_ur5e_description/mujoco/assets/upperarm_2.obj
-- Symlinking: /ws/install/bcr_ur5e_description/share/bcr_ur5e_description/mujoco/assets/upperarm_3.obj
-- Symlinking: /ws/install/bcr_ur5e_description/share/bcr_ur5e_description/mujoco/assets/wrist1_0.obj
-- Symlinking: /ws/install/bcr_ur5e_description/share/bcr_ur5e_description/mujoco/assets/wrist1_1.obj
-- Symlinking: /ws/install/bcr_ur5e_description/share/bcr_ur5e_description/mujoco/assets/wrist1_2.obj
-- Symlinking: /ws/install/bcr_ur5e_description/share/bcr_ur5e_description/mujoco/assets/wrist2_0.obj
-- Symlinking: /ws/install/bcr_ur5e_description/share/bcr_ur5e_description/mujoco/assets/wrist2_1.obj
-- Symlinking: /ws/install/bcr_ur5e_description/share/bcr_ur5e_description/mujoco/assets/wrist2_2.obj
-- Symlinking: /ws/install/bcr_ur5e_description/share/bcr_ur5e_description/mujoco/assets/wrist3.obj
-- Symlinking: /ws/install/bcr_ur5e_description/share/bcr_ur5e_description/mujoco/scene_table.xml
-- Symlinking: /ws/install/bcr_ur5e_description/share/bcr_ur5e_description/mujoco/ur5e_assignment.xml
-- Symlinking: /ws/install/bcr_ur5e_description/share/bcr_ur5e_description/launch/mujoco_viewer.launch.py
-- Symlinking: /ws/install/bcr_ur5e_description/share/ament_index/resource_index/package_run_dependencies/bcr_ur5e_description
-- Symlinking: /ws/install/bcr_ur5e_description/share/ament_index/resource_index/parent_prefix_path/bcr_ur5e_description
-- Symlinking: /ws/install/bcr_ur5e_description/share/bcr_ur5e_description/environment/ament_prefix_path.sh
-- Symlinking: /ws/install/bcr_ur5e_description/share/bcr_ur5e_description/environment/ament_prefix_path.dsv
-- Symlinking: /ws/install/bcr_ur5e_description/share/bcr_ur5e_description/environment/path.sh
-- Symlinking: /ws/install/bcr_ur5e_description/share/bcr_ur5e_description/environment/path.dsv
-- Symlinking: /ws/install/bcr_ur5e_description/share/bcr_ur5e_description/local_setup.bash
-- Symlinking: /ws/install/bcr_ur5e_description/share/bcr_ur5e_description/local_setup.sh
-- Symlinking: /ws/install/bcr_ur5e_description/share/bcr_ur5e_description/local_setup.zsh
-- Symlinking: /ws/install/bcr_ur5e_description/share/bcr_ur5e_description/local_setup.dsv
-- Symlinking: /ws/install/bcr_ur5e_description/share/bcr_ur5e_description/package.dsv
-- Symlinking: /ws/install/bcr_ur5e_description/share/ament_index/resource_index/packages/bcr_ur5e_description
-- Symlinking: /ws/install/bcr_ur5e_description/share/bcr_ur5e_description/cmake/bcr_ur5e_descriptionConfig.cmake
-- Symlinking: /ws/install/bcr_ur5e_description/share/bcr_ur5e_description/cmake/bcr_ur5e_descriptionConfig-version.cmake
-- Symlinking: /ws/install/bcr_ur5e_description/share/bcr_ur5e_description/package.xml
