[0.017s] Invoking command in '/ws/build/bcr_ur5e_description': CMAKE_PREFIX_PATH=/opt/ros/humble /usr/bin/cmake /ws/src/bcr_ur5e_description -DAMENT_CMAKE_SYMLINK_INSTALL=1 -DCMAKE_INSTALL_PREFIX=/ws/install/bcr_ur5e_description
[0.109s] -- The C compiler identification is GNU 11.4.0
[0.204s] -- The CXX compiler identification is GNU 11.4.0
[0.219s] -- Detecting C compiler ABI info
[0.340s] -- Detecting C compiler ABI info - done
[0.351s] -- Check for working C compiler: /usr/bin/cc - skipped
[0.351s] -- Detecting C compile features
[0.352s] -- Detecting C compile features - done
[0.356s] -- Detecting CXX compiler ABI info
[0.482s] -- Detecting CXX compiler ABI info - done
[0.495s] -- Check for working CXX compiler: /usr/bin/c++ - skipped
[0.496s] -- Detecting CXX compile features
[0.497s] -- Detecting CXX compile features - done
[0.504s] -- Found ament_cmake: 1.3.14 (/opt/ros/humble/share/ament_cmake/cmake)
[0.738s] -- Found Python3: /usr/bin/python3 (found version "3.10.12") found components: Interpreter 
[0.840s] -- Override CMake install command with custom implementation using symlinks instead of copying resources
[1.003s] -- Configuring done
[1.007s] -- Generating done
[1.009s] -- Build files have been written to: /ws/build/bcr_ur5e_description
[1.020s] Invoked command in '/ws/build/bcr_ur5e_description' returned '0': CMAKE_PREFIX_PATH=/opt/ros/humble /usr/bin/cmake /ws/src/bcr_ur5e_description -DAMENT_CMAKE_SYMLINK_INSTALL=1 -DCMAKE_INSTALL_PREFIX=/ws/install/bcr_ur5e_description
[1.024s] Invoking command in '/ws/build/bcr_ur5e_description': CMAKE_PREFIX_PATH=/opt/ros/humble /usr/bin/cmake --build /ws/build/bcr_ur5e_description -- -j4 -l4
[1.118s] Invoked command in '/ws/build/bcr_ur5e_description' returned '0': CMAKE_PREFIX_PATH=/opt/ros/humble /usr/bin/cmake --build /ws/build/bcr_ur5e_description -- -j4 -l4
[1.136s] Invoking command in '/ws/build/bcr_ur5e_description': CMAKE_PREFIX_PATH=/opt/ros/humble /usr/bin/cmake --install /ws/build/bcr_ur5e_description
[1.151s] -- Install configuration: ""
[1.151s] -- Execute custom install script
[1.152s] -- Symlinking: /ws/install/bcr_ur5e_description/share/bcr_ur5e_description/mujoco/assets/base_0.obj
[1.167s] -- Symlinking: /ws/install/bcr_ur5e_description/share/bcr_ur5e_description/mujoco/assets/base_1.obj
[1.182s] -- Symlinking: /ws/install/bcr_ur5e_description/share/bcr_ur5e_description/mujoco/assets/forearm_0.obj
[1.196s] -- Symlinking: /ws/install/bcr_ur5e_description/share/bcr_ur5e_description/mujoco/assets/forearm_1.obj
[1.209s] -- Symlinking: /ws/install/bcr_ur5e_description/share/bcr_ur5e_description/mujoco/assets/forearm_2.obj
[1.223s] -- Symlinking: /ws/install/bcr_ur5e_description/share/bcr_ur5e_description/mujoco/assets/forearm_3.obj
[1.237s] -- Symlinking: /ws/install/bcr_ur5e_description/share/bcr_ur5e_description/mujoco/assets/shoulder_0.obj
[1.251s] -- Symlinking: /ws/install/bcr_ur5e_description/share/bcr_ur5e_description/mujoco/assets/shoulder_1.obj
[1.265s] -- Symlinking: /ws/install/bcr_ur5e_description/share/bcr_ur5e_description/mujoco/assets/shoulder_2.obj
[1.279s] -- Symlinking: /ws/install/bcr_ur5e_description/share/bcr_ur5e_description/mujoco/assets/upperarm_0.obj
[1.291s] -- Symlinking: /ws/install/bcr_ur5e_description/share/bcr_ur5e_description/mujoco/assets/upperarm_1.obj
[1.306s] -- Symlinking: /ws/install/bcr_ur5e_description/share/bcr_ur5e_description/mujoco/assets/upperarm_2.obj
[1.319s] -- Symlinking: /ws/install/bcr_ur5e_description/share/bcr_ur5e_description/mujoco/assets/upperarm_3.obj
[1.333s] -- Symlinking: /ws/install/bcr_ur5e_description/share/bcr_ur5e_description/mujoco/assets/wrist1_0.obj
[1.347s] -- Symlinking: /ws/install/bcr_ur5e_description/share/bcr_ur5e_description/mujoco/assets/wrist1_1.obj
[1.361s] -- Symlinking: /ws/install/bcr_ur5e_description/share/bcr_ur5e_description/mujoco/assets/wrist1_2.obj
[1.375s] -- Symlinking: /ws/install/bcr_ur5e_description/share/bcr_ur5e_description/mujoco/assets/wrist2_0.obj
[1.390s] -- Symlinking: /ws/install/bcr_ur5e_description/share/bcr_ur5e_description/mujoco/assets/wrist2_1.obj
[1.406s] -- Symlinking: /ws/install/bcr_ur5e_description/share/bcr_ur5e_description/mujoco/assets/wrist2_2.obj
[1.420s] -- Symlinking: /ws/install/bcr_ur5e_description/share/bcr_ur5e_description/mujoco/assets/wrist3.obj
[1.433s] -- Symlinking: /ws/install/bcr_ur5e_description/share/bcr_ur5e_description/mujoco/scene_table.xml
[1.446s] -- Symlinking: /ws/install/bcr_ur5e_description/share/bcr_ur5e_description/mujoco/ur5e_assignment.xml
[1.459s] -- Symlinking: /ws/install/bcr_ur5e_description/share/bcr_ur5e_description/launch/mujoco_viewer.launch.py
[1.472s] -- Symlinking: /ws/install/bcr_ur5e_description/share/ament_index/resource_index/package_run_dependencies/bcr_ur5e_description
[1.485s] -- Symlinking: /ws/install/bcr_ur5e_description/share/ament_index/resource_index/parent_prefix_path/bcr_ur5e_description
[1.498s] -- Symlinking: /ws/install/bcr_ur5e_description/share/bcr_ur5e_description/environment/ament_prefix_path.sh
[1.512s] -- Symlinking: /ws/install/bcr_ur5e_description/share/bcr_ur5e_description/environment/ament_prefix_path.dsv
[1.524s] -- Symlinking: /ws/install/bcr_ur5e_description/share/bcr_ur5e_description/environment/path.sh
[1.538s] -- Symlinking: /ws/install/bcr_ur5e_description/share/bcr_ur5e_description/environment/path.dsv
[1.551s] -- Symlinking: /ws/install/bcr_ur5e_description/share/bcr_ur5e_description/local_setup.bash
[1.564s] -- Symlinking: /ws/install/bcr_ur5e_description/share/bcr_ur5e_description/local_setup.sh
[1.577s] -- Symlinking: /ws/install/bcr_ur5e_description/share/bcr_ur5e_description/local_setup.zsh
[1.589s] -- Symlinking: /ws/install/bcr_ur5e_description/share/bcr_ur5e_description/local_setup.dsv
[1.602s] -- Symlinking: /ws/install/bcr_ur5e_description/share/bcr_ur5e_description/package.dsv
[1.617s] -- Symlinking: /ws/install/bcr_ur5e_description/share/ament_index/resource_index/packages/bcr_ur5e_description
[1.632s] -- Symlinking: /ws/install/bcr_ur5e_description/share/bcr_ur5e_description/cmake/bcr_ur5e_descriptionConfig.cmake
[1.645s] -- Symlinking: /ws/install/bcr_ur5e_description/share/bcr_ur5e_description/cmake/bcr_ur5e_descriptionConfig-version.cmake
[1.658s] -- Symlinking: /ws/install/bcr_ur5e_description/share/bcr_ur5e_description/package.xml
[1.675s] Invoked command in '/ws/build/bcr_ur5e_description' returned '0': CMAKE_PREFIX_PATH=/opt/ros/humble /usr/bin/cmake --install /ws/build/bcr_ur5e_description
