-- Install configuration: ""
-- Execute custom install script
-- Up-to-date symlink: /ws/install/bcr_ur5e_moveit_config/share/bcr_ur5e_moveit_config/config/bcr_ur5e.srdf
-- Up-to-date symlink: /ws/install/bcr_ur5e_moveit_config/share/bcr_ur5e_moveit_config/config/joint_limits.yaml
-- Up-to-date symlink: /ws/install/bcr_ur5e_moveit_config/share/bcr_ur5e_moveit_config/config/kinematics.yaml
-- Symlinking: /ws/install/bcr_ur5e_moveit_config/share/bcr_ur5e_moveit_config/config/moveit_controllers.yaml
-- Up-to-date symlink: /ws/install/bcr_ur5e_moveit_config/share/bcr_ur5e_moveit_config/config/ompl_planning.yaml
-- Symlinking: /ws/install/bcr_ur5e_moveit_config/share/bcr_ur5e_moveit_config/config/ros2_controllers.yaml
-- Up-to-date symlink: /ws/install/bcr_ur5e_moveit_config/share/bcr_ur5e_moveit_config/config/ur5e_with_tool.urdf.xacro
-- Up-to-date symlink: /ws/install/bcr_ur5e_moveit_config/share/bcr_ur5e_moveit_config/launch/moveit_demo.launch.py
-- Symlinking: /ws/install/bcr_ur5e_moveit_config/share/bcr_ur5e_moveit_config/launch/moveit_execute_demo.launch.py
-- Up-to-date symlink: /ws/install/bcr_ur5e_moveit_config/share/ament_index/resource_index/package_run_dependencies/bcr_ur5e_moveit_config
-- Up-to-date symlink: /ws/install/bcr_ur5e_moveit_config/share/ament_index/resource_index/parent_prefix_path/bcr_ur5e_moveit_config
-- Up-to-date symlink: /ws/install/bcr_ur5e_moveit_config/share/bcr_ur5e_moveit_config/environment/ament_prefix_path.sh
-- Up-to-date symlink: /ws/install/bcr_ur5e_moveit_config/share/bcr_ur5e_moveit_config/environment/ament_prefix_path.dsv
-- Up-to-date symlink: /ws/install/bcr_ur5e_moveit_config/share/bcr_ur5e_moveit_config/environment/path.sh
-- Up-to-date symlink: /ws/install/bcr_ur5e_moveit_config/share/bcr_ur5e_moveit_config/environment/path.dsv
-- Up-to-date symlink: /ws/install/bcr_ur5e_moveit_config/share/bcr_ur5e_moveit_config/local_setup.bash
-- Up-to-date symlink: /ws/install/bcr_ur5e_moveit_config/share/bcr_ur5e_moveit_config/local_setup.sh
-- Up-to-date symlink: /ws/install/bcr_ur5e_moveit_config/share/bcr_ur5e_moveit_config/local_setup.zsh
-- Up-to-date symlink: /ws/install/bcr_ur5e_moveit_config/share/bcr_ur5e_moveit_config/local_setup.dsv
-- Symlinking: /ws/install/bcr_ur5e_moveit_config/share/bcr_ur5e_moveit_config/package.dsv
-- Up-to-date symlink: /ws/install/bcr_ur5e_moveit_config/share/ament_index/resource_index/packages/bcr_ur5e_moveit_config
-- Up-to-date symlink: /ws/install/bcr_ur5e_moveit_config/share/bcr_ur5e_moveit_config/cmake/bcr_ur5e_moveit_configConfig.cmake
-- Up-to-date symlink: /ws/install/bcr_ur5e_moveit_config/share/bcr_ur5e_moveit_config/cmake/bcr_ur5e_moveit_configConfig-version.cmake
-- Up-to-date symlink: /ws/install/bcr_ur5e_moveit_config/share/bcr_ur5e_moveit_config/package.xml
