[0.177s] DEBUG:colcon:Command line arguments: ['/usr/bin/colcon', 'build', '--symlink-install', '--packages-select', 'bcr_ur5e_description']
[0.177s] DEBUG:colcon:Parsed command line arguments: Namespace(log_base=None, log_level=None, verb_name='build', build_base='build', install_base='install', merge_install=False, symlink_install=True, test_result_base=None, continue_on_error=False, executor='parallel', parallel_workers=4, event_handlers=None, ignore_user_meta=False, metas=['./colcon.meta'], base_paths=['.'], packages_ignore=None, packages_ignore_regex=None, paths=None, packages_up_to=None, packages_up_to_regex=None, packages_above=None, packages_above_and_dependencies=None, packages_above_depth=None, packages_select_by_dep=None, packages_skip_by_dep=None, packages_skip_up_to=None, packages_select_build_failed=False, packages_skip_build_finished=False, packages_select_test_failures=False, packages_skip_test_passed=False, packages_select=['bcr_ur5e_description'], packages_skip=None, packages_select_regex=None, packages_skip_regex=None, packages_start=None, packages_end=None, cmake_args=None, cmake_target=None, cmake_target_skip_unavailable=False, cmake_clean_cache=False, cmake_clean_first=False, cmake_force_configure=False, ament_cmake_args=None, catkin_cmake_args=None, catkin_skip_building_tests=False, mixin_files=None, mixin=None, verb_parser=<colcon_mixin.mixin.mixin_argument.MixinArgumentDecorator object at 0x7a72d6bc4130>, verb_extension=<colcon_core.verb.build.BuildVerb object at 0x7a72d6d49390>, main=<bound method BuildVerb.main of <colcon_core.verb.build.BuildVerb object at 0x7a72d6d49390>>, mixin_verb=('build',))
[0.382s] Level 1:colcon.colcon_core.package_discovery:discover_packages(colcon_meta) check parameters
[0.383s] INFO:colcon.colcon_metadata.package_discovery.colcon_meta:Using configuration from '/root/.colcon/metadata/default/Gazebo.meta'
[0.383s] INFO:colcon.colcon_metadata.package_discovery.colcon_meta:Using configuration from '/root/.colcon/metadata/default/fastdds.meta'
[0.384s] INFO:colcon.colcon_metadata.package_discovery.colcon_meta:Using configuration from '/root/.colcon/metadata/default/fastrtps.meta'
[0.384s] Level 1:colcon.colcon_core.package_discovery:discover_packages(recursive) check parameters
[0.384s] Level 1:colcon.colcon_core.package_discovery:discover_packages(ignore) check parameters
[0.384s] Level 1:colcon.colcon_core.package_discovery:discover_packages(path) check parameters
[0.384s] Level 1:colcon.colcon_core.package_discovery:discover_packages(colcon_meta) discover
[0.384s] Level 1:colcon.colcon_core.package_discovery:discover_packages(recursive) discover
[0.384s] INFO:colcon.colcon_core.package_discovery:Crawling recursively for packages in '/ws'
[0.385s] Level 1:colcon.colcon_core.package_identification:_identify(.) by extensions ['ignore', 'ignore_ament_install']
[0.385s] Level 1:colcon.colcon_core.package_identification:_identify(.) by extension 'ignore'
[0.385s] Level 1:colcon.colcon_core.package_identification:_identify(.) by extension 'ignore_ament_install'
[0.385s] Level 1:colcon.colcon_core.package_identification:_identify(.) by extensions ['colcon_pkg']
[0.385s] Level 1:colcon.colcon_core.package_identification:_identify(.) by extension 'colcon_pkg'
[0.385s] Level 1:colcon.colcon_core.package_identification:_identify(.) by extensions ['colcon_meta']
[0.385s] Level 1:colcon.colcon_core.package_identification:_identify(.) by extension 'colcon_meta'
[0.385s] Level 1:colcon.colcon_core.package_identification:_identify(.) by extensions ['ros']
[0.385s] Level 1:colcon.colcon_core.package_identification:_identify(.) by extension 'ros'
[0.401s] Level 1:colcon.colcon_core.package_identification:_identify(.) by extensions ['cmake', 'python']
[0.401s] Level 1:colcon.colcon_core.package_identification:_identify(.) by extension 'cmake'
[0.401s] Level 1:colcon.colcon_core.package_identification:_identify(.) by extension 'python'
[0.401s] Level 1:colcon.colcon_core.package_identification:_identify(.) by extensions ['python_setup_py']
[0.401s] Level 1:colcon.colcon_core.package_identification:_identify(.) by extension 'python_setup_py'
[0.401s] Level 1:colcon.colcon_core.package_identification:_identify(build) by extensions ['ignore', 'ignore_ament_install']
[0.401s] Level 1:colcon.colcon_core.package_identification:_identify(build) by extension 'ignore'
[0.401s] Level 1:colcon.colcon_core.package_identification:_identify(build) ignored
[0.401s] Level 1:colcon.colcon_core.package_identification:_identify(install) by extensions ['ignore', 'ignore_ament_install']
[0.402s] Level 1:colcon.colcon_core.package_identification:_identify(install) by extension 'ignore'
[0.402s] Level 1:colcon.colcon_core.package_identification:_identify(install) ignored
[0.402s] Level 1:colcon.colcon_core.package_identification:_identify(log) by extensions ['ignore', 'ignore_ament_install']
[0.402s] Level 1:colcon.colcon_core.package_identification:_identify(log) by extension 'ignore'
[0.402s] Level 1:colcon.colcon_core.package_identification:_identify(log) ignored
[0.402s] Level 1:colcon.colcon_core.package_identification:_identify(src) by extensions ['ignore', 'ignore_ament_install']
[0.402s] Level 1:colcon.colcon_core.package_identification:_identify(src) by extension 'ignore'
[0.402s] Level 1:colcon.colcon_core.package_identification:_identify(src) by extension 'ignore_ament_install'
[0.402s] Level 1:colcon.colcon_core.package_identification:_identify(src) by extensions ['colcon_pkg']
[0.402s] Level 1:colcon.colcon_core.package_identification:_identify(src) by extension 'colcon_pkg'
[0.402s] Level 1:colcon.colcon_core.package_identification:_identify(src) by extensions ['colcon_meta']
[0.402s] Level 1:colcon.colcon_core.package_identification:_identify(src) by extension 'colcon_meta'
[0.402s] Level 1:colcon.colcon_core.package_identification:_identify(src) by extensions ['ros']
[0.402s] Level 1:colcon.colcon_core.package_identification:_identify(src) by extension 'ros'
[0.403s] Level 1:colcon.colcon_core.package_identification:_identify(src) by extensions ['cmake', 'python']
[0.403s] Level 1:colcon.colcon_core.package_identification:_identify(src) by extension 'cmake'
[0.403s] Level 1:colcon.colcon_core.package_identification:_identify(src) by extension 'python'
[0.403s] Level 1:colcon.colcon_core.package_identification:_identify(src) by extensions ['python_setup_py']
[0.403s] Level 1:colcon.colcon_core.package_identification:_identify(src) by extension 'python_setup_py'
[0.403s] Level 1:colcon.colcon_core.package_identification:_identify(src/bcr_ur5e_description) by extensions ['ignore', 'ignore_ament_install']
[0.403s] Level 1:colcon.colcon_core.package_identification:_identify(src/bcr_ur5e_description) by extension 'ignore'
[0.403s] Level 1:colcon.colcon_core.package_identification:_identify(src/bcr_ur5e_description) by extension 'ignore_ament_install'
[0.403s] Level 1:colcon.colcon_core.package_identification:_identify(src/bcr_ur5e_description) by extensions ['colcon_pkg']
[0.403s] Level 1:colcon.colcon_core.package_identification:_identify(src/bcr_ur5e_description) by extension 'colcon_pkg'
[0.403s] Level 1:colcon.colcon_core.package_identification:_identify(src/bcr_ur5e_description) by extensions ['colcon_meta']
[0.403s] Level 1:colcon.colcon_core.package_identification:_identify(src/bcr_ur5e_description) by extension 'colcon_meta'
[0.403s] Level 1:colcon.colcon_core.package_identification:_identify(src/bcr_ur5e_description) by extensions ['ros']
[0.403s] Level 1:colcon.colcon_core.package_identification:_identify(src/bcr_ur5e_description) by extension 'ros'
[0.406s] DEBUG:colcon.colcon_core.package_identification:Package 'src/bcr_ur5e_description' with type 'ros.ament_cmake' and name 'bcr_ur5e_description'
[0.406s] Level 1:colcon.colcon_core.package_identification:_identify(third_party) by extensions ['ignore', 'ignore_ament_install']
[0.407s] Level 1:colcon.colcon_core.package_identification:_identify(third_party) by extension 'ignore'
[0.407s] Level 1:colcon.colcon_core.package_identification:_identify(third_party) by extension 'ignore_ament_install'
[0.407s] Level 1:colcon.colcon_core.package_identification:_identify(third_party) by extensions ['colcon_pkg']
[0.407s] Level 1:colcon.colcon_core.package_identification:_identify(third_party) by extension 'colcon_pkg'
[0.407s] Level 1:colcon.colcon_core.package_identification:_identify(third_party) by extensions ['colcon_meta']
[0.407s] Level 1:colcon.colcon_core.package_identification:_identify(third_party) by extension 'colcon_meta'
[0.407s] Level 1:colcon.colcon_core.package_identification:_identify(third_party) by extensions ['ros']
[0.407s] Level 1:colcon.colcon_core.package_identification:_identify(third_party) by extension 'ros'
[0.407s] Level 1:colcon.colcon_core.package_identification:_identify(third_party) by extensions ['cmake', 'python']
[0.407s] Level 1:colcon.colcon_core.package_identification:_identify(third_party) by extension 'cmake'
[0.407s] Level 1:colcon.colcon_core.package_identification:_identify(third_party) by extension 'python'
[0.407s] Level 1:colcon.colcon_core.package_identification:_identify(third_party) by extensions ['python_setup_py']
[0.407s] Level 1:colcon.colcon_core.package_identification:_identify(third_party) by extension 'python_setup_py'
[0.407s] Level 1:colcon.colcon_core.package_identification:_identify(third_party/mujoco_menagerie) by extensions ['ignore', 'ignore_ament_install']
[0.407s] Level 1:colcon.colcon_core.package_identification:_identify(third_party/mujoco_menagerie) by extension 'ignore'
[0.408s] Level 1:colcon.colcon_core.package_identification:_identify(third_party/mujoco_menagerie) by extension 'ignore_ament_install'
[0.408s] Level 1:colcon.colcon_core.package_identification:_identify(third_party/mujoco_menagerie) by extensions ['colcon_pkg']
[0.408s] Level 1:colcon.colcon_core.package_identification:_identify(third_party/mujoco_menagerie) by extension 'colcon_pkg'
[0.408s] Level 1:colcon.colcon_core.package_identification:_identify(third_party/mujoco_menagerie) by extensions ['colcon_meta']
[0.408s] Level 1:colcon.colcon_core.package_identification:_identify(third_party/mujoco_menagerie) by extension 'colcon_meta'
[0.408s] Level 1:colcon.colcon_core.package_identification:_identify(third_party/mujoco_menagerie) by extensions ['ros']
[0.408s] Level 1:colcon.colcon_core.package_identification:_identify(third_party/mujoco_menagerie) by extension 'ros'
[0.408s] Level 1:colcon.colcon_core.package_identification:_identify(third_party/mujoco_menagerie) by extensions ['cmake', 'python']
[0.408s] Level 1:colcon.colcon_core.package_identification:_identify(third_party/mujoco_menagerie) by extension 'cmake'
[0.408s] Level 1:colcon.colcon_core.package_identification:_identify(third_party/mujoco_menagerie) by extension 'python'
[0.408s] Level 1:colcon.colcon_core.package_identification:_identify(third_party/mujoco_menagerie) by extensions ['python_setup_py']
[0.408s] Level 1:colcon.colcon_core.package_identification:_identify(third_party/mujoco_menagerie) by extension 'python_setup_py'
[0.408s] Level 1:colcon.colcon_core.package_identification:_identify(third_party/mujoco_menagerie/universal_robots_ur5e) by extensions ['ignore', 'ignore_ament_install']
[0.409s] Level 1:colcon.colcon_core.package_identification:_identify(third_party/mujoco_menagerie/universal_robots_ur5e) by extension 'ignore'
[0.409s] Level 1:colcon.colcon_core.package_identification:_identify(third_party/mujoco_menagerie/universal_robots_ur5e) by extension 'ignore_ament_install'
[0.409s] Level 1:colcon.colcon_core.package_identification:_identify(third_party/mujoco_menagerie/universal_robots_ur5e) by extensions ['colcon_pkg']
[0.409s] Level 1:colcon.colcon_core.package_identification:_identify(third_party/mujoco_menagerie/universal_robots_ur5e) by extension 'colcon_pkg'
[0.409s] Level 1:colcon.colcon_core.package_identification:_identify(third_party/mujoco_menagerie/universal_robots_ur5e) by extensions ['colcon_meta']
[0.409s] Level 1:colcon.colcon_core.package_identification:_identify(third_party/mujoco_menagerie/universal_robots_ur5e) by extension 'colcon_meta'
[0.409s] Level 1:colcon.colcon_core.package_identification:_identify(third_party/mujoco_menagerie/universal_robots_ur5e) by extensions ['ros']
[0.409s] Level 1:colcon.colcon_core.package_identification:_identify(third_party/mujoco_menagerie/universal_robots_ur5e) by extension 'ros'
[0.409s] Level 1:colcon.colcon_core.package_identification:_identify(third_party/mujoco_menagerie/universal_robots_ur5e) by extensions ['cmake', 'python']
[0.409s] Level 1:colcon.colcon_core.package_identification:_identify(third_party/mujoco_menagerie/universal_robots_ur5e) by extension 'cmake'
[0.409s] Level 1:colcon.colcon_core.package_identification:_identify(third_party/mujoco_menagerie/universal_robots_ur5e) by extension 'python'
[0.409s] Level 1:colcon.colcon_core.package_identification:_identify(third_party/mujoco_menagerie/universal_robots_ur5e) by extensions ['python_setup_py']
[0.409s] Level 1:colcon.colcon_core.package_identification:_identify(third_party/mujoco_menagerie/universal_robots_ur5e) by extension 'python_setup_py'
[0.409s] Level 1:colcon.colcon_core.package_identification:_identify(third_party/mujoco_menagerie/universal_robots_ur5e/assets) by extensions ['ignore', 'ignore_ament_install']
[0.410s] Level 1:colcon.colcon_core.package_identification:_identify(third_party/mujoco_menagerie/universal_robots_ur5e/assets) by extension 'ignore'
[0.410s] Level 1:colcon.colcon_core.package_identification:_identify(third_party/mujoco_menagerie/universal_robots_ur5e/assets) by extension 'ignore_ament_install'
[0.410s] Level 1:colcon.colcon_core.package_identification:_identify(third_party/mujoco_menagerie/universal_robots_ur5e/assets) by extensions ['colcon_pkg']
[0.410s] Level 1:colcon.colcon_core.package_identification:_identify(third_party/mujoco_menagerie/universal_robots_ur5e/assets) by extension 'colcon_pkg'
[0.410s] Level 1:colcon.colcon_core.package_identification:_identify(third_party/mujoco_menagerie/universal_robots_ur5e/assets) by extensions ['colcon_meta']
[0.410s] Level 1:colcon.colcon_core.package_identification:_identify(third_party/mujoco_menagerie/universal_robots_ur5e/assets) by extension 'colcon_meta'
[0.410s] Level 1:colcon.colcon_core.package_identification:_identify(third_party/mujoco_menagerie/universal_robots_ur5e/assets) by extensions ['ros']
[0.410s] Level 1:colcon.colcon_core.package_identification:_identify(third_party/mujoco_menagerie/universal_robots_ur5e/assets) by extension 'ros'
[0.410s] Level 1:colcon.colcon_core.package_identification:_identify(third_party/mujoco_menagerie/universal_robots_ur5e/assets) by extensions ['cmake', 'python']
[0.410s] Level 1:colcon.colcon_core.package_identification:_identify(third_party/mujoco_menagerie/universal_robots_ur5e/assets) by extension 'cmake'
[0.410s] Level 1:colcon.colcon_core.package_identification:_identify(third_party/mujoco_menagerie/universal_robots_ur5e/assets) by extension 'python'
[0.410s] Level 1:colcon.colcon_core.package_identification:_identify(third_party/mujoco_menagerie/universal_robots_ur5e/assets) by extensions ['python_setup_py']
[0.410s] Level 1:colcon.colcon_core.package_identification:_identify(third_party/mujoco_menagerie/universal_robots_ur5e/assets) by extension 'python_setup_py'
[0.410s] Level 1:colcon.colcon_core.package_discovery:discover_packages(recursive) using defaults
[0.410s] Level 1:colcon.colcon_core.package_discovery:discover_packages(ignore) discover
[0.410s] Level 1:colcon.colcon_core.package_discovery:discover_packages(ignore) using defaults
[0.410s] Level 1:colcon.colcon_core.package_discovery:discover_packages(path) discover
[0.410s] Level 1:colcon.colcon_core.package_discovery:discover_packages(path) using defaults
[0.437s] Level 5:colcon.colcon_core.verb:set package 'bcr_ur5e_description' build argument 'cmake_args' from command line to 'None'
[0.437s] Level 5:colcon.colcon_core.verb:set package 'bcr_ur5e_description' build argument 'cmake_target' from command line to 'None'
[0.437s] Level 5:colcon.colcon_core.verb:set package 'bcr_ur5e_description' build argument 'cmake_target_skip_unavailable' from command line to 'False'
[0.437s] Level 5:colcon.colcon_core.verb:set package 'bcr_ur5e_description' build argument 'cmake_clean_cache' from command line to 'False'
[0.437s] Level 5:colcon.colcon_core.verb:set package 'bcr_ur5e_description' build argument 'cmake_clean_first' from command line to 'False'
[0.437s] Level 5:colcon.colcon_core.verb:set package 'bcr_ur5e_description' build argument 'cmake_force_configure' from command line to 'False'
[0.437s] Level 5:colcon.colcon_core.verb:set package 'bcr_ur5e_description' build argument 'ament_cmake_args' from command line to 'None'
[0.437s] Level 5:colcon.colcon_core.verb:set package 'bcr_ur5e_description' build argument 'catkin_cmake_args' from command line to 'None'
[0.437s] Level 5:colcon.colcon_core.verb:set package 'bcr_ur5e_description' build argument 'catkin_skip_building_tests' from command line to 'False'
[0.437s] DEBUG:colcon.colcon_core.verb:Building package 'bcr_ur5e_description' with the following arguments: {'ament_cmake_args': None, 'build_base': '/ws/build/bcr_ur5e_description', 'catkin_cmake_args': None, 'catkin_skip_building_tests': False, 'cmake_args': None, 'cmake_clean_cache': False, 'cmake_clean_first': False, 'cmake_force_configure': False, 'cmake_target': None, 'cmake_target_skip_unavailable': False, 'install_base': '/ws/install/bcr_ur5e_description', 'merge_install': False, 'path': '/ws/src/bcr_ur5e_description', 'symlink_install': True, 'test_result_base': None}
[0.437s] INFO:colcon.colcon_core.executor:Executing jobs using 'parallel' executor
[0.439s] DEBUG:colcon.colcon_parallel_executor.executor.parallel:run_until_complete
[0.439s] INFO:colcon.colcon_ros.task.ament_cmake.build:Building ROS package in '/ws/src/bcr_ur5e_description' with build type 'ament_cmake'
[0.439s] INFO:colcon.colcon_cmake.task.cmake.build:Building CMake package in '/ws/src/bcr_ur5e_description'
[0.443s] INFO:colcon.colcon_core.plugin_system:Skipping extension 'colcon_core.shell.bat': Not used on non-Windows systems
[0.444s] INFO:colcon.colcon_core.shell:Skip shell extension 'powershell' for command environment: Not usable outside of PowerShell
[0.444s] DEBUG:colcon.colcon_core.shell:Skip shell extension 'dsv' for command environment
[0.457s] DEBUG:colcon.colcon_core.event_handler.log_command:Invoking command in '/ws/build/bcr_ur5e_description': CMAKE_PREFIX_PATH=${CMAKE_PREFIX_PATH}:/opt/ros/humble /usr/bin/cmake --build /ws/build/bcr_ur5e_description -- -j4 -l4
[0.522s] DEBUG:colcon.colcon_core.event_handler.log_command:Invoked command in '/ws/build/bcr_ur5e_description' returned '0': CMAKE_PREFIX_PATH=${CMAKE_PREFIX_PATH}:/opt/ros/humble /usr/bin/cmake --build /ws/build/bcr_ur5e_description -- -j4 -l4
[0.537s] DEBUG:colcon.colcon_core.event_handler.log_command:Invoking command in '/ws/build/bcr_ur5e_description': CMAKE_PREFIX_PATH=${CMAKE_PREFIX_PATH}:/opt/ros/humble /usr/bin/cmake --install /ws/build/bcr_ur5e_description
[0.579s] Level 1:colcon.colcon_core.environment:create_environment_scripts_only(bcr_ur5e_description)
[0.580s] DEBUG:colcon.colcon_core.event_handler.log_command:Invoked command in '/ws/build/bcr_ur5e_description' returned '0': CMAKE_PREFIX_PATH=${CMAKE_PREFIX_PATH}:/opt/ros/humble /usr/bin/cmake --install /ws/build/bcr_ur5e_description
[0.583s] Level 1:colcon.colcon_core.environment:checking '/ws/install/bcr_ur5e_description' for CMake module files
[0.584s] Level 1:colcon.colcon_core.environment:checking '/ws/install/bcr_ur5e_description' for CMake config files
[0.585s] Level 1:colcon.colcon_core.shell:create_environment_hook('bcr_ur5e_description', 'cmake_prefix_path')
[0.585s] INFO:colcon.colcon_core.shell:Creating environment hook '/ws/install/bcr_ur5e_description/share/bcr_ur5e_description/hook/cmake_prefix_path.ps1'
[0.586s] INFO:colcon.colcon_core.shell:Creating environment descriptor '/ws/install/bcr_ur5e_description/share/bcr_ur5e_description/hook/cmake_prefix_path.dsv'
[0.587s] INFO:colcon.colcon_core.shell:Creating environment hook '/ws/install/bcr_ur5e_description/share/bcr_ur5e_description/hook/cmake_prefix_path.sh'
[0.588s] Level 1:colcon.colcon_core.environment:checking '/ws/install/bcr_ur5e_description/bin'
[0.588s] Level 1:colcon.colcon_core.environment:checking '/ws/install/bcr_ur5e_description/lib/pkgconfig/bcr_ur5e_description.pc'
[0.591s] Level 1:colcon.colcon_core.environment:checking '/ws/install/bcr_ur5e_description/lib/python3.10/site-packages'
[0.592s] Level 1:colcon.colcon_core.environment:checking '/ws/install/bcr_ur5e_description/bin'
[0.592s] INFO:colcon.colcon_core.shell:Creating package script '/ws/install/bcr_ur5e_description/share/bcr_ur5e_description/package.ps1'
[0.594s] INFO:colcon.colcon_core.shell:Creating package descriptor '/ws/install/bcr_ur5e_description/share/bcr_ur5e_description/package.dsv'
[0.595s] INFO:colcon.colcon_core.shell:Creating package script '/ws/install/bcr_ur5e_description/share/bcr_ur5e_description/package.sh'
[0.596s] INFO:colcon.colcon_core.shell:Creating package script '/ws/install/bcr_ur5e_description/share/bcr_ur5e_description/package.bash'
[0.598s] INFO:colcon.colcon_core.shell:Creating package script '/ws/install/bcr_ur5e_description/share/bcr_ur5e_description/package.zsh'
[0.599s] Level 1:colcon.colcon_core.environment:create_file_with_runtime_dependencies(/ws/install/bcr_ur5e_description/share/colcon-core/packages/bcr_ur5e_description)
[0.600s] Level 1:colcon.colcon_core.environment:create_environment_scripts_only(bcr_ur5e_description)
[0.600s] Level 1:colcon.colcon_core.environment:checking '/ws/install/bcr_ur5e_description' for CMake module files
[0.601s] Level 1:colcon.colcon_core.environment:checking '/ws/install/bcr_ur5e_description' for CMake config files
[0.601s] Level 1:colcon.colcon_core.shell:create_environment_hook('bcr_ur5e_description', 'cmake_prefix_path')
[0.602s] INFO:colcon.colcon_core.shell:Creating environment hook '/ws/install/bcr_ur5e_description/share/bcr_ur5e_description/hook/cmake_prefix_path.ps1'
[0.602s] INFO:colcon.colcon_core.shell:Creating environment descriptor '/ws/install/bcr_ur5e_description/share/bcr_ur5e_description/hook/cmake_prefix_path.dsv'
[0.603s] INFO:colcon.colcon_core.shell:Creating environment hook '/ws/install/bcr_ur5e_description/share/bcr_ur5e_description/hook/cmake_prefix_path.sh'
[0.604s] Level 1:colcon.colcon_core.environment:checking '/ws/install/bcr_ur5e_description/bin'
[0.604s] Level 1:colcon.colcon_core.environment:checking '/ws/install/bcr_ur5e_description/lib/pkgconfig/bcr_ur5e_description.pc'
[0.604s] Level 1:colcon.colcon_core.environment:checking '/ws/install/bcr_ur5e_description/lib/python3.10/site-packages'
[0.605s] Level 1:colcon.colcon_core.environment:checking '/ws/install/bcr_ur5e_description/bin'
[0.605s] INFO:colcon.colcon_core.shell:Creating package script '/ws/install/bcr_ur5e_description/share/bcr_ur5e_description/package.ps1'
[0.606s] INFO:colcon.colcon_core.shell:Creating package descriptor '/ws/install/bcr_ur5e_description/share/bcr_ur5e_description/package.dsv'
[0.607s] INFO:colcon.colcon_core.shell:Creating package script '/ws/install/bcr_ur5e_description/share/bcr_ur5e_description/package.sh'
[0.609s] INFO:colcon.colcon_core.shell:Creating package script '/ws/install/bcr_ur5e_description/share/bcr_ur5e_description/package.bash'
[0.610s] INFO:colcon.colcon_core.shell:Creating package script '/ws/install/bcr_ur5e_description/share/bcr_ur5e_description/package.zsh'
[0.611s] Level 1:colcon.colcon_core.environment:create_file_with_runtime_dependencies(/ws/install/bcr_ur5e_description/share/colcon-core/packages/bcr_ur5e_description)
[0.611s] DEBUG:colcon.colcon_parallel_executor.executor.parallel:closing loop
[0.612s] DEBUG:colcon.colcon_parallel_executor.executor.parallel:loop closed
[0.612s] DEBUG:colcon.colcon_parallel_executor.executor.parallel:run_until_complete finished with '0'
[0.612s] DEBUG:colcon.colcon_core.event_reactor:joining thread
[0.634s] INFO:colcon.colcon_core.plugin_system:Skipping extension 'colcon_notification.desktop_notification.notify_send': Could not find 'notify-send'
[0.635s] INFO:colcon.colcon_core.plugin_system:Skipping extension 'colcon_notification.desktop_notification.terminal_notifier': Not used on non-Darwin systems
[0.635s] INFO:colcon.colcon_core.plugin_system:Skipping extension 'colcon_notification.desktop_notification.win32': Not used on non-Windows systems
[0.635s] INFO:colcon.colcon_notification.desktop_notification:Sending desktop notification using 'notify2'
[0.641s] DEBUG:colcon.colcon_notification.desktop_notification.notify2:Failed to initialize notify2: org.freedesktop.DBus.Error.Spawn.ExecFailed: /usr/bin/dbus-launch terminated abnormally without any error message
[0.642s] DEBUG:colcon.colcon_core.event_reactor:joined thread
[0.643s] INFO:colcon.colcon_core.shell:Creating prefix script '/ws/install/local_setup.ps1'
[0.645s] INFO:colcon.colcon_core.shell:Creating prefix util module '/ws/install/_local_setup_util_ps1.py'
[0.649s] INFO:colcon.colcon_core.shell:Creating prefix chain script '/ws/install/setup.ps1'
[0.651s] INFO:colcon.colcon_core.shell:Creating prefix script '/ws/install/local_setup.sh'
[0.652s] INFO:colcon.colcon_core.shell:Creating prefix util module '/ws/install/_local_setup_util_sh.py'
[0.653s] INFO:colcon.colcon_core.shell:Creating prefix chain script '/ws/install/setup.sh'
[0.655s] INFO:colcon.colcon_core.shell:Creating prefix script '/ws/install/local_setup.bash'
[0.655s] INFO:colcon.colcon_core.shell:Creating prefix chain script '/ws/install/setup.bash'
[0.657s] INFO:colcon.colcon_core.shell:Creating prefix script '/ws/install/local_setup.zsh'
[0.658s] INFO:colcon.colcon_core.shell:Creating prefix chain script '/ws/install/setup.zsh'
