-- The C compiler identification is GNU 11.4.0
-- The CXX compiler identification is GNU 11.4.0
-- Detecting C compiler ABI info
-- Detecting C compiler ABI info - done
-- Check for working C compiler: /usr/bin/cc - skipped
-- Detecting C compile features
-- Detecting C compile features - done
-- Detecting CXX compiler ABI info
-- Detecting CXX compiler ABI info - done
-- Check for working CXX compiler: /usr/bin/c++ - skipped
-- Detecting CXX compile features
-- Detecting CXX compile features - done
-- Found ament_cmake: 1.3.14 (/opt/ros/humble/share/ament_cmake/cmake)
-- Found Python3: /usr/bin/python3 (found version "3.10.12") found components: Interpreter 
-- Override CMake install command with custom implementation using symlinks instead of copying resources
-- Configuring done
-- Generating done
-- Build files have been written to: /ws/build/bcr_ur5e_moveit_config
-- Install configuration: ""
-- Execute custom install script
-- Symlinking: /ws/install/bcr_ur5e_moveit_config/share/bcr_ur5e_moveit_config/config/bcr_ur5e.srdf
-- Symlinking: /ws/install/bcr_ur5e_moveit_config/share/bcr_ur5e_moveit_config/config/joint_limits.yaml
-- Symlinking: /ws/install/bcr_ur5e_moveit_config/share/bcr_ur5e_moveit_config/config/kinematics.yaml
-- Symlinking: /ws/install/bcr_ur5e_moveit_config/share/bcr_ur5e_moveit_config/config/ompl_planning.yaml
-- Symlinking: /ws/install/bcr_ur5e_moveit_config/share/bcr_ur5e_moveit_config/config/ur5e_with_tool.urdf.xacro
-- Symlinking: /ws/install/bcr_ur5e_moveit_config/share/bcr_ur5e_moveit_config/launch/moveit_demo.launch.py
-- Symlinking: /ws/install/bcr_ur5e_moveit_config/share/ament_index/resource_index/package_run_dependencies/bcr_ur5e_moveit_config
-- Symlinking: /ws/install/bcr_ur5e_moveit_config/share/ament_index/resource_index/parent_prefix_path/bcr_ur5e_moveit_config
-- Symlinking: /ws/install/bcr_ur5e_moveit_config/share/bcr_ur5e_moveit_config/environment/ament_prefix_path.sh
-- Symlinking: /ws/install/bcr_ur5e_moveit_config/share/bcr_ur5e_moveit_config/environment/ament_prefix_path.dsv
-- Symlinking: /ws/install/bcr_ur5e_moveit_config/share/bcr_ur5e_moveit_config/environment/path.sh
-- Symlinking: /ws/install/bcr_ur5e_moveit_config/share/bcr_ur5e_moveit_config/environment/path.dsv
-- Symlinking: /ws/install/bcr_ur5e_moveit_config/share/bcr_ur5e_moveit_config/local_setup.bash
-- Symlinking: /ws/install/bcr_ur5e_moveit_config/share/bcr_ur5e_moveit_config/local_setup.sh
-- Symlinking: /ws/install/bcr_ur5e_moveit_config/share/bcr_ur5e_moveit_config/local_setup.zsh
-- Symlinking: /ws/install/bcr_ur5e_moveit_config/share/bcr_ur5e_moveit_config/local_setup.dsv
-- Symlinking: /ws/install/bcr_ur5e_moveit_config/share/bcr_ur5e_moveit_config/package.dsv
-- Symlinking: /ws/install/bcr_ur5e_moveit_config/share/ament_index/resource_index/packages/bcr_ur5e_moveit_config
-- Symlinking: /ws/install/bcr_ur5e_moveit_config/share/bcr_ur5e_moveit_config/cmake/bcr_ur5e_moveit_configConfig.cmake
-- Symlinking: /ws/install/bcr_ur5e_moveit_config/share/bcr_ur5e_moveit_config/cmake/bcr_ur5e_moveit_configConfig-version.cmake
-- Symlinking: /ws/install/bcr_ur5e_moveit_config/share/bcr_ur5e_moveit_config/package.xml
