[0.013s] Invoking command in '/ws/build/bcr_ur5e_moveit_config': CMAKE_PREFIX_PATH=${CMAKE_PREFIX_PATH}:/opt/ros/humble /usr/bin/cmake /ws/src/bcr_ur5e_moveit_config -DAMENT_CMAKE_SYMLINK_INSTALL=1 -DCMAKE_INSTALL_PREFIX=/ws/install/bcr_ur5e_moveit_config
[0.101s] -- The C compiler identification is GNU 11.4.0
[0.187s] -- The CXX compiler identification is GNU 11.4.0
[0.198s] -- Detecting C compiler ABI info
[0.300s] -- Detecting C compiler ABI info - done
[0.311s] -- Check for working C compiler: /usr/bin/cc - skipped
[0.312s] -- Detecting C compile features
[0.312s] -- Detecting C compile features - done
[0.317s] -- Detecting CXX compiler ABI info
[0.438s] -- Detecting CXX compiler ABI info - done
[0.448s] -- Check for working CXX compiler: /usr/bin/c++ - skipped
[0.448s] -- Detecting CXX compile features
[0.449s] -- Detecting CXX compile features - done
[0.454s] -- Found ament_cmake: 1.3.14 (/opt/ros/humble/share/ament_cmake/cmake)
[0.706s] -- Found Python3: /usr/bin/python3 (found version "3.10.12") found components: Interpreter 
[0.801s] -- Override CMake install command with custom implementation using symlinks instead of copying resources
[0.963s] -- Configuring done
[0.968s] -- Generating done
[0.970s] -- Build files have been written to: /ws/build/bcr_ur5e_moveit_config
[0.979s] Invoked command in '/ws/build/bcr_ur5e_moveit_config' returned '0': CMAKE_PREFIX_PATH=${CMAKE_PREFIX_PATH}:/opt/ros/humble /usr/bin/cmake /ws/src/bcr_ur5e_moveit_config -DAMENT_CMAKE_SYMLINK_INSTALL=1 -DCMAKE_INSTALL_PREFIX=/ws/install/bcr_ur5e_moveit_config
[0.981s] Invoking command in '/ws/build/bcr_ur5e_moveit_config': CMAKE_PREFIX_PATH=${CMAKE_PREFIX_PATH}:/opt/ros/humble /usr/bin/cmake --build /ws/build/bcr_ur5e_moveit_config -- -j4 -l4
[1.036s] Invoked command in '/ws/build/bcr_ur5e_moveit_config' returned '0': CMAKE_PREFIX_PATH=${CMAKE_PREFIX_PATH}:/opt/ros/humble /usr/bin/cmake --build /ws/build/bcr_ur5e_moveit_config -- -j4 -l4
[1.038s] Invoking command in '/ws/build/bcr_ur5e_moveit_config': CMAKE_PREFIX_PATH=${CMAKE_PREFIX_PATH}:/opt/ros/humble /usr/bin/cmake --install /ws/build/bcr_ur5e_moveit_config
[1.048s] -- Install configuration: ""
[1.048s] -- Execute custom install script
[1.049s] -- Symlinking: /ws/install/bcr_ur5e_moveit_config/share/bcr_ur5e_moveit_config/config/bcr_ur5e.srdf
[1.064s] -- Symlinking: /ws/install/bcr_ur5e_moveit_config/share/bcr_ur5e_moveit_config/config/joint_limits.yaml
[1.079s] -- Symlinking: /ws/install/bcr_ur5e_moveit_config/share/bcr_ur5e_moveit_config/config/kinematics.yaml
[1.092s] -- Symlinking: /ws/install/bcr_ur5e_moveit_config/share/bcr_ur5e_moveit_config/config/ompl_planning.yaml
[1.105s] -- Symlinking: /ws/install/bcr_ur5e_moveit_config/share/bcr_ur5e_moveit_config/config/ur5e_with_tool.urdf.xacro
[1.118s] -- Symlinking: /ws/install/bcr_ur5e_moveit_config/share/bcr_ur5e_moveit_config/launch/moveit_demo.launch.py
[1.135s] -- Symlinking: /ws/install/bcr_ur5e_moveit_config/share/ament_index/resource_index/package_run_dependencies/bcr_ur5e_moveit_config
[1.149s] -- Symlinking: /ws/install/bcr_ur5e_moveit_config/share/ament_index/resource_index/parent_prefix_path/bcr_ur5e_moveit_config
[1.163s] -- Symlinking: /ws/install/bcr_ur5e_moveit_config/share/bcr_ur5e_moveit_config/environment/ament_prefix_path.sh
[1.178s] -- Symlinking: /ws/install/bcr_ur5e_moveit_config/share/bcr_ur5e_moveit_config/environment/ament_prefix_path.dsv
[1.191s] -- Symlinking: /ws/install/bcr_ur5e_moveit_config/share/bcr_ur5e_moveit_config/environment/path.sh
[1.205s] -- Symlinking: /ws/install/bcr_ur5e_moveit_config/share/bcr_ur5e_moveit_config/environment/path.dsv
[1.216s] -- Symlinking: /ws/install/bcr_ur5e_moveit_config/share/bcr_ur5e_moveit_config/local_setup.bash
[1.228s] -- Symlinking: /ws/install/bcr_ur5e_moveit_config/share/bcr_ur5e_moveit_config/local_setup.sh
[1.240s] -- Symlinking: /ws/install/bcr_ur5e_moveit_config/share/bcr_ur5e_moveit_config/local_setup.zsh
[1.251s] -- Symlinking: /ws/install/bcr_ur5e_moveit_config/share/bcr_ur5e_moveit_config/local_setup.dsv
[1.266s] -- Symlinking: /ws/install/bcr_ur5e_moveit_config/share/bcr_ur5e_moveit_config/package.dsv
[1.281s] -- Symlinking: /ws/install/bcr_ur5e_moveit_config/share/ament_index/resource_index/packages/bcr_ur5e_moveit_config
[1.295s] -- Symlinking: /ws/install/bcr_ur5e_moveit_config/share/bcr_ur5e_moveit_config/cmake/bcr_ur5e_moveit_configConfig.cmake
[1.307s] -- Symlinking: /ws/install/bcr_ur5e_moveit_config/share/bcr_ur5e_moveit_config/cmake/bcr_ur5e_moveit_configConfig-version.cmake
[1.319s] -- Symlinking: /ws/install/bcr_ur5e_moveit_config/share/bcr_ur5e_moveit_config/package.xml
[1.334s] Invoked command in '/ws/build/bcr_ur5e_moveit_config' returned '0': CMAKE_PREFIX_PATH=${CMAKE_PREFIX_PATH}:/opt/ros/humble /usr/bin/cmake --install /ws/build/bcr_ur5e_moveit_config
