[0.160s] DEBUG:colcon:Command line arguments: ['/usr/bin/colcon', 'build', '--symlink-install']
[0.161s] DEBUG:colcon:Parsed command line arguments: Namespace(log_base=None, log_level=None, verb_name='build', build_base='build', install_base='install', merge_install=False, symlink_install=True, test_result_base=None, continue_on_error=False, executor='parallel', parallel_workers=4, event_handlers=None, ignore_user_meta=False, metas=['./colcon.meta'], base_paths=['.'], packages_ignore=None, packages_ignore_regex=None, paths=None, packages_up_to=None, packages_up_to_regex=None, packages_above=None, packages_above_and_dependencies=None, packages_above_depth=None, packages_select_by_dep=None, packages_skip_by_dep=None, packages_skip_up_to=None, packages_select_build_failed=False, packages_skip_build_finished=False, packages_select_test_failures=False, packages_skip_test_passed=False, packages_select=None, packages_skip=None, packages_select_regex=None, packages_skip_regex=None, packages_start=None, packages_end=None, cmake_args=None, cmake_target=None, cmake_target_skip_unavailable=False, cmake_clean_cache=False, cmake_clean_first=False, cmake_force_configure=False, ament_cmake_args=None, catkin_cmake_args=None, catkin_skip_building_tests=False, mixin_files=None, mixin=None, verb_parser=<colcon_mixin.mixin.mixin_argument.MixinArgumentDecorator object at 0x77e2851900d0>, verb_extension=<colcon_core.verb.build.BuildVerb object at 0x77e285315330>, main=<bound method BuildVerb.main of <colcon_core.verb.build.BuildVerb object at 0x77e285315330>>, mixin_verb=('build',))
[0.364s] Level 1:colcon.colcon_core.package_discovery:discover_packages(colcon_meta) check parameters
[0.365s] INFO:colcon.colcon_metadata.package_discovery.colcon_meta:Using configuration from '/root/.colcon/metadata/default/Gazebo.meta'
[0.365s] INFO:colcon.colcon_metadata.package_discovery.colcon_meta:Using configuration from '/root/.colcon/metadata/default/fastdds.meta'
[0.366s] INFO:colcon.colcon_metadata.package_discovery.colcon_meta:Using configuration from '/root/.colcon/metadata/default/fastrtps.meta'
[0.366s] Level 1:colcon.colcon_core.package_discovery:discover_packages(recursive) check parameters
[0.366s] Level 1:colcon.colcon_core.package_discovery:discover_packages(ignore) check parameters
[0.366s] Level 1:colcon.colcon_core.package_discovery:discover_packages(path) check parameters
[0.366s] Level 1:colcon.colcon_core.package_discovery:discover_packages(colcon_meta) discover
[0.366s] Level 1:colcon.colcon_core.package_discovery:discover_packages(recursive) discover
[0.366s] INFO:colcon.colcon_core.package_discovery:Crawling recursively for packages in '/ws'
[0.366s] Level 1:colcon.colcon_core.package_identification:_identify(.) by extensions ['ignore', 'ignore_ament_install']
[0.366s] Level 1:colcon.colcon_core.package_identification:_identify(.) by extension 'ignore'
[0.366s] Level 1:colcon.colcon_core.package_identification:_identify(.) by extension 'ignore_ament_install'
[0.367s] Level 1:colcon.colcon_core.package_identification:_identify(.) by extensions ['colcon_pkg']
[0.367s] Level 1:colcon.colcon_core.package_identification:_identify(.) by extension 'colcon_pkg'
[0.367s] Level 1:colcon.colcon_core.package_identification:_identify(.) by extensions ['colcon_meta']
[0.367s] Level 1:colcon.colcon_core.package_identification:_identify(.) by extension 'colcon_meta'
[0.367s] Level 1:colcon.colcon_core.package_identification:_identify(.) by extensions ['ros']
[0.367s] Level 1:colcon.colcon_core.package_identification:_identify(.) by extension 'ros'
[0.383s] Level 1:colcon.colcon_core.package_identification:_identify(.) by extensions ['cmake', 'python']
[0.383s] Level 1:colcon.colcon_core.package_identification:_identify(.) by extension 'cmake'
[0.383s] Level 1:colcon.colcon_core.package_identification:_identify(.) by extension 'python'
[0.383s] Level 1:colcon.colcon_core.package_identification:_identify(.) by extensions ['python_setup_py']
[0.383s] Level 1:colcon.colcon_core.package_identification:_identify(.) by extension 'python_setup_py'
[0.383s] Level 1:colcon.colcon_core.package_identification:_identify(build) by extensions ['ignore', 'ignore_ament_install']
[0.383s] Level 1:colcon.colcon_core.package_identification:_identify(build) by extension 'ignore'
[0.383s] Level 1:colcon.colcon_core.package_identification:_identify(build) ignored
[0.384s] Level 1:colcon.colcon_core.package_identification:_identify(install) by extensions ['ignore', 'ignore_ament_install']
[0.384s] Level 1:colcon.colcon_core.package_identification:_identify(install) by extension 'ignore'
[0.384s] Level 1:colcon.colcon_core.package_identification:_identify(install) ignored
[0.384s] Level 1:colcon.colcon_core.package_identification:_identify(log) by extensions ['ignore', 'ignore_ament_install']
[0.384s] Level 1:colcon.colcon_core.package_identification:_identify(log) by extension 'ignore'
[0.384s] Level 1:colcon.colcon_core.package_identification:_identify(log) ignored
[0.384s] Level 1:colcon.colcon_core.package_identification:_identify(src) by extensions ['ignore', 'ignore_ament_install']
[0.384s] Level 1:colcon.colcon_core.package_identification:_identify(src) by extension 'ignore'
[0.384s] Level 1:colcon.colcon_core.package_identification:_identify(src) by extension 'ignore_ament_install'
[0.384s] Level 1:colcon.colcon_core.package_identification:_identify(src) by extensions ['colcon_pkg']
[0.384s] Level 1:colcon.colcon_core.package_identification:_identify(src) by extension 'colcon_pkg'
[0.384s] Level 1:colcon.colcon_core.package_identification:_identify(src) by extensions ['colcon_meta']
[0.384s] Level 1:colcon.colcon_core.package_identification:_identify(src) by extension 'colcon_meta'
[0.384s] Level 1:colcon.colcon_core.package_identification:_identify(src) by extensions ['ros']
[0.384s] Level 1:colcon.colcon_core.package_identification:_identify(src) by extension 'ros'
[0.385s] Level 1:colcon.colcon_core.package_identification:_identify(src) by extensions ['cmake', 'python']
[0.385s] Level 1:colcon.colcon_core.package_identification:_identify(src) by extension 'cmake'
[0.385s] Level 1:colcon.colcon_core.package_identification:_identify(src) by extension 'python'
[0.385s] Level 1:colcon.colcon_core.package_identification:_identify(src) by extensions ['python_setup_py']
[0.385s] Level 1:colcon.colcon_core.package_identification:_identify(src) by extension 'python_setup_py'
[0.385s] Level 1:colcon.colcon_core.package_identification:_identify(src/bcr_ur5e_description) by extensions ['ignore', 'ignore_ament_install']
[0.385s] Level 1:colcon.colcon_core.package_identification:_identify(src/bcr_ur5e_description) by extension 'ignore'
[0.385s] Level 1:colcon.colcon_core.package_identification:_identify(src/bcr_ur5e_description) by extension 'ignore_ament_install'
[0.385s] Level 1:colcon.colcon_core.package_identification:_identify(src/bcr_ur5e_description) by extensions ['colcon_pkg']
[0.385s] Level 1:colcon.colcon_core.package_identification:_identify(src/bcr_ur5e_description) by extension 'colcon_pkg'
[0.385s] Level 1:colcon.colcon_core.package_identification:_identify(src/bcr_ur5e_description) by extensions ['colcon_meta']
[0.385s] Level 1:colcon.colcon_core.package_identification:_identify(src/bcr_ur5e_description) by extension 'colcon_meta'
[0.385s] Level 1:colcon.colcon_core.package_identification:_identify(src/bcr_ur5e_description) by extensions ['ros']
[0.385s] Level 1:colcon.colcon_core.package_identification:_identify(src/bcr_ur5e_description) by extension 'ros'
[0.388s] DEBUG:colcon.colcon_core.package_identification:Package 'src/bcr_ur5e_description' with type 'ros.ament_cmake' and name 'bcr_ur5e_description'
[0.388s] Level 1:colcon.colcon_core.package_identification:_identify(src/bcr_ur5e_moveit_config) by extensions ['ignore', 'ignore_ament_install']
[0.389s] Level 1:colcon.colcon_core.package_identification:_identify(src/bcr_ur5e_moveit_config) by extension 'ignore'
[0.389s] Level 1:colcon.colcon_core.package_identification:_identify(src/bcr_ur5e_moveit_config) by extension 'ignore_ament_install'
[0.389s] Level 1:colcon.colcon_core.package_identification:_identify(src/bcr_ur5e_moveit_config) by extensions ['colcon_pkg']
[0.389s] Level 1:colcon.colcon_core.package_identification:_identify(src/bcr_ur5e_moveit_config) by extension 'colcon_pkg'
[0.389s] Level 1:colcon.colcon_core.package_identification:_identify(src/bcr_ur5e_moveit_config) by extensions ['colcon_meta']
[0.389s] Level 1:colcon.colcon_core.package_identification:_identify(src/bcr_ur5e_moveit_config) by extension 'colcon_meta'
[0.389s] Level 1:colcon.colcon_core.package_identification:_identify(src/bcr_ur5e_moveit_config) by extensions ['ros']
[0.389s] Level 1:colcon.colcon_core.package_identification:_identify(src/bcr_ur5e_moveit_config) by extension 'ros'
[0.390s] DEBUG:colcon.colcon_core.package_identification:Package 'src/bcr_ur5e_moveit_config' with type 'ros.ament_cmake' and name 'bcr_ur5e_moveit_config'
[0.390s] Level 1:colcon.colcon_core.package_identification:_identify(third_party) by extensions ['ignore', 'ignore_ament_install']
[0.390s] Level 1:colcon.colcon_core.package_identification:_identify(third_party) by extension 'ignore'
[0.391s] Level 1:colcon.colcon_core.package_identification:_identify(third_party) by extension 'ignore_ament_install'
[0.391s] Level 1:colcon.colcon_core.package_identification:_identify(third_party) by extensions ['colcon_pkg']
[0.391s] Level 1:colcon.colcon_core.package_identification:_identify(third_party) by extension 'colcon_pkg'
[0.391s] Level 1:colcon.colcon_core.package_identification:_identify(third_party) by extensions ['colcon_meta']
[0.391s] Level 1:colcon.colcon_core.package_identification:_identify(third_party) by extension 'colcon_meta'
[0.391s] Level 1:colcon.colcon_core.package_identification:_identify(third_party) by extensions ['ros']
[0.391s] Level 1:colcon.colcon_core.package_identification:_identify(third_party) by extension 'ros'
[0.391s] Level 1:colcon.colcon_core.package_identification:_identify(third_party) by extensions ['cmake', 'python']
[0.391s] Level 1:colcon.colcon_core.package_identification:_identify(third_party) by extension 'cmake'
[0.391s] Level 1:colcon.colcon_core.package_identification:_identify(third_party) by extension 'python'
[0.391s] Level 1:colcon.colcon_core.package_identification:_identify(third_party) by extensions ['python_setup_py']
[0.391s] Level 1:colcon.colcon_core.package_identification:_identify(third_party) by extension 'python_setup_py'
[0.391s] Level 1:colcon.colcon_core.package_identification:_identify(third_party/mujoco_menagerie) by extensions ['ignore', 'ignore_ament_install']
[0.391s] Level 1:colcon.colcon_core.package_identification:_identify(third_party/mujoco_menagerie) by extension 'ignore'
[0.391s] Level 1:colcon.colcon_core.package_identification:_identify(third_party/mujoco_menagerie) by extension 'ignore_ament_install'
[0.392s] Level 1:colcon.colcon_core.package_identification:_identify(third_party/mujoco_menagerie) by extensions ['colcon_pkg']
[0.392s] Level 1:colcon.colcon_core.package_identification:_identify(third_party/mujoco_menagerie) by extension 'colcon_pkg'
[0.392s] Level 1:colcon.colcon_core.package_identification:_identify(third_party/mujoco_menagerie) by extensions ['colcon_meta']
[0.392s] Level 1:colcon.colcon_core.package_identification:_identify(third_party/mujoco_menagerie) by extension 'colcon_meta'
[0.392s] Level 1:colcon.colcon_core.package_identification:_identify(third_party/mujoco_menagerie) by extensions ['ros']
[0.392s] Level 1:colcon.colcon_core.package_identification:_identify(third_party/mujoco_menagerie) by extension 'ros'
[0.392s] Level 1:colcon.colcon_core.package_identification:_identify(third_party/mujoco_menagerie) by extensions ['cmake', 'python']
[0.392s] Level 1:colcon.colcon_core.package_identification:_identify(third_party/mujoco_menagerie) by extension 'cmake'
[0.392s] Level 1:colcon.colcon_core.package_identification:_identify(third_party/mujoco_menagerie) by extension 'python'
[0.392s] Level 1:colcon.colcon_core.package_identification:_identify(third_party/mujoco_menagerie) by extensions ['python_setup_py']
[0.392s] Level 1:colcon.colcon_core.package_identification:_identify(third_party/mujoco_menagerie) by extension 'python_setup_py'
[0.392s] Level 1:colcon.colcon_core.package_identification:_identify(third_party/mujoco_menagerie/universal_robots_ur5e) by extensions ['ignore', 'ignore_ament_install']
[0.392s] Level 1:colcon.colcon_core.package_identification:_identify(third_party/mujoco_menagerie/universal_robots_ur5e) by extension 'ignore'
[0.392s] Level 1:colcon.colcon_core.package_identification:_identify(third_party/mujoco_menagerie/universal_robots_ur5e) by extension 'ignore_ament_install'
[0.393s] Level 1:colcon.colcon_core.package_identification:_identify(third_party/mujoco_menagerie/universal_robots_ur5e) by extensions ['colcon_pkg']
[0.393s] Level 1:colcon.colcon_core.package_identification:_identify(third_party/mujoco_menagerie/universal_robots_ur5e) by extension 'colcon_pkg'
[0.393s] Level 1:colcon.colcon_core.package_identification:_identify(third_party/mujoco_menagerie/universal_robots_ur5e) by extensions ['colcon_meta']
[0.393s] Level 1:colcon.colcon_core.package_identification:_identify(third_party/mujoco_menagerie/universal_robots_ur5e) by extension 'colcon_meta'
[0.393s] Level 1:colcon.colcon_core.package_identification:_identify(third_party/mujoco_menagerie/universal_robots_ur5e) by extensions ['ros']
[0.393s] Level 1:colcon.colcon_core.package_identification:_identify(third_party/mujoco_menagerie/universal_robots_ur5e) by extension 'ros'
[0.393s] Level 1:colcon.colcon_core.package_identification:_identify(third_party/mujoco_menagerie/universal_robots_ur5e) by extensions ['cmake', 'python']
[0.393s] Level 1:colcon.colcon_core.package_identification:_identify(third_party/mujoco_menagerie/universal_robots_ur5e) by extension 'cmake'
[0.393s] Level 1:colcon.colcon_core.package_identification:_identify(third_party/mujoco_menagerie/universal_robots_ur5e) by extension 'python'
[0.393s] Level 1:colcon.colcon_core.package_identification:_identify(third_party/mujoco_menagerie/universal_robots_ur5e) by extensions ['python_setup_py']
[0.393s] Level 1:colcon.colcon_core.package_identification:_identify(third_party/mujoco_menagerie/universal_robots_ur5e) by extension 'python_setup_py'
[0.393s] Level 1:colcon.colcon_core.package_identification:_identify(third_party/mujoco_menagerie/universal_robots_ur5e/assets) by extensions ['ignore', 'ignore_ament_install']
[0.393s] Level 1:colcon.colcon_core.package_identification:_identify(third_party/mujoco_menagerie/universal_robots_ur5e/assets) by extension 'ignore'
[0.393s] Level 1:colcon.colcon_core.package_identification:_identify(third_party/mujoco_menagerie/universal_robots_ur5e/assets) by extension 'ignore_ament_install'
[0.393s] Level 1:colcon.colcon_core.package_identification:_identify(third_party/mujoco_menagerie/universal_robots_ur5e/assets) by extensions ['colcon_pkg']
[0.393s] Level 1:colcon.colcon_core.package_identification:_identify(third_party/mujoco_menagerie/universal_robots_ur5e/assets) by extension 'colcon_pkg'
[0.394s] Level 1:colcon.colcon_core.package_identification:_identify(third_party/mujoco_menagerie/universal_robots_ur5e/assets) by extensions ['colcon_meta']
[0.394s] Level 1:colcon.colcon_core.package_identification:_identify(third_party/mujoco_menagerie/universal_robots_ur5e/assets) by extension 'colcon_meta'
[0.394s] Level 1:colcon.colcon_core.package_identification:_identify(third_party/mujoco_menagerie/universal_robots_ur5e/assets) by extensions ['ros']
[0.394s] Level 1:colcon.colcon_core.package_identification:_identify(third_party/mujoco_menagerie/universal_robots_ur5e/assets) by extension 'ros'
[0.394s] Level 1:colcon.colcon_core.package_identification:_identify(third_party/mujoco_menagerie/universal_robots_ur5e/assets) by extensions ['cmake', 'python']
[0.394s] Level 1:colcon.colcon_core.package_identification:_identify(third_party/mujoco_menagerie/universal_robots_ur5e/assets) by extension 'cmake'
[0.394s] Level 1:colcon.colcon_core.package_identification:_identify(third_party/mujoco_menagerie/universal_robots_ur5e/assets) by extension 'python'
[0.394s] Level 1:colcon.colcon_core.package_identification:_identify(third_party/mujoco_menagerie/universal_robots_ur5e/assets) by extensions ['python_setup_py']
[0.394s] Level 1:colcon.colcon_core.package_identification:_identify(third_party/mujoco_menagerie/universal_robots_ur5e/assets) by extension 'python_setup_py'
[0.394s] Level 1:colcon.colcon_core.package_discovery:discover_packages(recursive) using defaults
[0.394s] Level 1:colcon.colcon_core.package_discovery:discover_packages(ignore) discover
[0.394s] Level 1:colcon.colcon_core.package_discovery:discover_packages(ignore) using defaults
[0.394s] Level 1:colcon.colcon_core.package_discovery:discover_packages(path) discover
[0.394s] Level 1:colcon.colcon_core.package_discovery:discover_packages(path) using defaults
[0.420s] Level 5:colcon.colcon_core.verb:set package 'bcr_ur5e_description' build argument 'cmake_args' from command line to 'None'
[0.420s] Level 5:colcon.colcon_core.verb:set package 'bcr_ur5e_description' build argument 'cmake_target' from command line to 'None'
[0.420s] Level 5:colcon.colcon_core.verb:set package 'bcr_ur5e_description' build argument 'cmake_target_skip_unavailable' from command line to 'False'
[0.420s] Level 5:colcon.colcon_core.verb:set package 'bcr_ur5e_description' build argument 'cmake_clean_cache' from command line to 'False'
[0.420s] Level 5:colcon.colcon_core.verb:set package 'bcr_ur5e_description' build argument 'cmake_clean_first' from command line to 'False'
[0.420s] Level 5:colcon.colcon_core.verb:set package 'bcr_ur5e_description' build argument 'cmake_force_configure' from command line to 'False'
[0.420s] Level 5:colcon.colcon_core.verb:set package 'bcr_ur5e_description' build argument 'ament_cmake_args' from command line to 'None'
[0.420s] Level 5:colcon.colcon_core.verb:set package 'bcr_ur5e_description' build argument 'catkin_cmake_args' from command line to 'None'
[0.420s] Level 5:colcon.colcon_core.verb:set package 'bcr_ur5e_description' build argument 'catkin_skip_building_tests' from command line to 'False'
[0.420s] DEBUG:colcon.colcon_core.verb:Building package 'bcr_ur5e_description' with the following arguments: {'ament_cmake_args': None, 'build_base': '/ws/build/bcr_ur5e_description', 'catkin_cmake_args': None, 'catkin_skip_building_tests': False, 'cmake_args': None, 'cmake_clean_cache': False, 'cmake_clean_first': False, 'cmake_force_configure': False, 'cmake_target': None, 'cmake_target_skip_unavailable': False, 'install_base': '/ws/install/bcr_ur5e_description', 'merge_install': False, 'path': '/ws/src/bcr_ur5e_description', 'symlink_install': True, 'test_result_base': None}
[0.421s] Level 5:colcon.colcon_core.verb:set package 'bcr_ur5e_moveit_config' build argument 'cmake_args' from command line to 'None'
[0.421s] Level 5:colcon.colcon_core.verb:set package 'bcr_ur5e_moveit_config' build argument 'cmake_target' from command line to 'None'
[0.421s] Level 5:colcon.colcon_core.verb:set package 'bcr_ur5e_moveit_config' build argument 'cmake_target_skip_unavailable' from command line to 'False'
[0.421s] Level 5:colcon.colcon_core.verb:set package 'bcr_ur5e_moveit_config' build argument 'cmake_clean_cache' from command line to 'False'
[0.421s] Level 5:colcon.colcon_core.verb:set package 'bcr_ur5e_moveit_config' build argument 'cmake_clean_first' from command line to 'False'
[0.421s] Level 5:colcon.colcon_core.verb:set package 'bcr_ur5e_moveit_config' build argument 'cmake_force_configure' from command line to 'False'
[0.421s] Level 5:colcon.colcon_core.verb:set package 'bcr_ur5e_moveit_config' build argument 'ament_cmake_args' from command line to 'None'
[0.421s] Level 5:colcon.colcon_core.verb:set package 'bcr_ur5e_moveit_config' build argument 'catkin_cmake_args' from command line to 'None'
[0.421s] Level 5:colcon.colcon_core.verb:set package 'bcr_ur5e_moveit_config' build argument 'catkin_skip_building_tests' from command line to 'False'
[0.421s] DEBUG:colcon.colcon_core.verb:Building package 'bcr_ur5e_moveit_config' with the following arguments: {'ament_cmake_args': None, 'build_base': '/ws/build/bcr_ur5e_moveit_config', 'catkin_cmake_args': None, 'catkin_skip_building_tests': False, 'cmake_args': None, 'cmake_clean_cache': False, 'cmake_clean_first': False, 'cmake_force_configure': False, 'cmake_target': None, 'cmake_target_skip_unavailable': False, 'install_base': '/ws/install/bcr_ur5e_moveit_config', 'merge_install': False, 'path': '/ws/src/bcr_ur5e_moveit_config', 'symlink_install': True, 'test_result_base': None}
[0.422s] INFO:colcon.colcon_core.executor:Executing jobs using 'parallel' executor
[0.423s] DEBUG:colcon.colcon_parallel_executor.executor.parallel:run_until_complete
[0.424s] INFO:colcon.colcon_ros.task.ament_cmake.build:Building ROS package in '/ws/src/bcr_ur5e_description' with build type 'ament_cmake'
[0.424s] INFO:colcon.colcon_cmake.task.cmake.build:Building CMake package in '/ws/src/bcr_ur5e_description'
[0.427s] INFO:colcon.colcon_core.plugin_system:Skipping extension 'colcon_core.shell.bat': Not used on non-Windows systems
[0.427s] INFO:colcon.colcon_core.shell:Skip shell extension 'powershell' for command environment: Not usable outside of PowerShell
[0.427s] DEBUG:colcon.colcon_core.shell:Skip shell extension 'dsv' for command environment
[0.443s] DEBUG:colcon.colcon_core.event_handler.log_command:Invoking command in '/ws/build/bcr_ur5e_description': CMAKE_PREFIX_PATH=${CMAKE_PREFIX_PATH}:/opt/ros/humble /usr/bin/cmake --build /ws/build/bcr_ur5e_description -- -j4 -l4
[0.498s] DEBUG:colcon.colcon_core.event_handler.log_command:Invoked command in '/ws/build/bcr_ur5e_description' returned '0': CMAKE_PREFIX_PATH=${CMAKE_PREFIX_PATH}:/opt/ros/humble /usr/bin/cmake --build /ws/build/bcr_ur5e_description -- -j4 -l4
[0.512s] DEBUG:colcon.colcon_core.event_handler.log_command:Invoking command in '/ws/build/bcr_ur5e_description': CMAKE_PREFIX_PATH=${CMAKE_PREFIX_PATH}:/opt/ros/humble /usr/bin/cmake --install /ws/build/bcr_ur5e_description
[0.553s] Level 1:colcon.colcon_core.environment:create_environment_scripts_only(bcr_ur5e_description)
[0.554s] DEBUG:colcon.colcon_core.event_handler.log_command:Invoked command in '/ws/build/bcr_ur5e_description' returned '0': CMAKE_PREFIX_PATH=${CMAKE_PREFIX_PATH}:/opt/ros/humble /usr/bin/cmake --install /ws/build/bcr_ur5e_description
[0.558s] Level 1:colcon.colcon_core.environment:checking '/ws/install/bcr_ur5e_description' for CMake module files
[0.558s] Level 1:colcon.colcon_core.environment:checking '/ws/install/bcr_ur5e_description' for CMake config files
[0.559s] Level 1:colcon.colcon_core.shell:create_environment_hook('bcr_ur5e_description', 'cmake_prefix_path')
[0.560s] INFO:colcon.colcon_core.shell:Creating environment hook '/ws/install/bcr_ur5e_description/share/bcr_ur5e_description/hook/cmake_prefix_path.ps1'
[0.560s] INFO:colcon.colcon_core.shell:Creating environment descriptor '/ws/install/bcr_ur5e_description/share/bcr_ur5e_description/hook/cmake_prefix_path.dsv'
[0.561s] INFO:colcon.colcon_core.shell:Creating environment hook '/ws/install/bcr_ur5e_description/share/bcr_ur5e_description/hook/cmake_prefix_path.sh'
[0.562s] Level 1:colcon.colcon_core.environment:checking '/ws/install/bcr_ur5e_description/bin'
[0.563s] Level 1:colcon.colcon_core.environment:checking '/ws/install/bcr_ur5e_description/lib/pkgconfig/bcr_ur5e_description.pc'
[0.565s] Level 1:colcon.colcon_core.environment:checking '/ws/install/bcr_ur5e_description/lib/python3.10/site-packages'
[0.566s] Level 1:colcon.colcon_core.environment:checking '/ws/install/bcr_ur5e_description/bin'
[0.566s] INFO:colcon.colcon_core.shell:Creating package script '/ws/install/bcr_ur5e_description/share/bcr_ur5e_description/package.ps1'
[0.568s] INFO:colcon.colcon_core.shell:Creating package descriptor '/ws/install/bcr_ur5e_description/share/bcr_ur5e_description/package.dsv'
[0.568s] INFO:colcon.colcon_core.shell:Creating package script '/ws/install/bcr_ur5e_description/share/bcr_ur5e_description/package.sh'
[0.569s] INFO:colcon.colcon_core.shell:Creating package script '/ws/install/bcr_ur5e_description/share/bcr_ur5e_description/package.bash'
[0.572s] INFO:colcon.colcon_core.shell:Creating package script '/ws/install/bcr_ur5e_description/share/bcr_ur5e_description/package.zsh'
[0.573s] Level 1:colcon.colcon_core.environment:create_file_with_runtime_dependencies(/ws/install/bcr_ur5e_description/share/colcon-core/packages/bcr_ur5e_description)
[0.574s] Level 1:colcon.colcon_core.environment:create_environment_scripts_only(bcr_ur5e_description)
[0.574s] Level 1:colcon.colcon_core.environment:checking '/ws/install/bcr_ur5e_description' for CMake module files
[0.575s] Level 1:colcon.colcon_core.environment:checking '/ws/install/bcr_ur5e_description' for CMake config files
[0.575s] Level 1:colcon.colcon_core.shell:create_environment_hook('bcr_ur5e_description', 'cmake_prefix_path')
[0.576s] INFO:colcon.colcon_core.shell:Creating environment hook '/ws/install/bcr_ur5e_description/share/bcr_ur5e_description/hook/cmake_prefix_path.ps1'
[0.576s] INFO:colcon.colcon_core.shell:Creating environment descriptor '/ws/install/bcr_ur5e_description/share/bcr_ur5e_description/hook/cmake_prefix_path.dsv'
[0.577s] INFO:colcon.colcon_core.shell:Creating environment hook '/ws/install/bcr_ur5e_description/share/bcr_ur5e_description/hook/cmake_prefix_path.sh'
[0.577s] Level 1:colcon.colcon_core.environment:checking '/ws/install/bcr_ur5e_description/bin'
[0.577s] Level 1:colcon.colcon_core.environment:checking '/ws/install/bcr_ur5e_description/lib/pkgconfig/bcr_ur5e_description.pc'
[0.578s] Level 1:colcon.colcon_core.environment:checking '/ws/install/bcr_ur5e_description/lib/python3.10/site-packages'
[0.578s] Level 1:colcon.colcon_core.environment:checking '/ws/install/bcr_ur5e_description/bin'
[0.578s] INFO:colcon.colcon_core.shell:Creating package script '/ws/install/bcr_ur5e_description/share/bcr_ur5e_description/package.ps1'
[0.579s] INFO:colcon.colcon_core.shell:Creating package descriptor '/ws/install/bcr_ur5e_description/share/bcr_ur5e_description/package.dsv'
[0.580s] INFO:colcon.colcon_core.shell:Creating package script '/ws/install/bcr_ur5e_description/share/bcr_ur5e_description/package.sh'
[0.580s] INFO:colcon.colcon_core.shell:Creating package script '/ws/install/bcr_ur5e_description/share/bcr_ur5e_description/package.bash'
[0.581s] INFO:colcon.colcon_core.shell:Creating package script '/ws/install/bcr_ur5e_description/share/bcr_ur5e_description/package.zsh'
[0.582s] Level 1:colcon.colcon_core.environment:create_file_with_runtime_dependencies(/ws/install/bcr_ur5e_description/share/colcon-core/packages/bcr_ur5e_description)
[0.582s] INFO:colcon.colcon_ros.task.ament_cmake.build:Building ROS package in '/ws/src/bcr_ur5e_moveit_config' with build type 'ament_cmake'
[0.582s] INFO:colcon.colcon_cmake.task.cmake.build:Building CMake package in '/ws/src/bcr_ur5e_moveit_config'
[0.583s] INFO:colcon.colcon_core.shell:Skip shell extension 'powershell' for command environment: Not usable outside of PowerShell
[0.583s] DEBUG:colcon.colcon_core.shell:Skip shell extension 'dsv' for command environment
[0.598s] DEBUG:colcon.colcon_core.event_handler.log_command:Invoking command in '/ws/build/bcr_ur5e_moveit_config': CMAKE_PREFIX_PATH=/ws/install/bcr_ur5e_description:/ws/install/bcr_ur5e_moveit_config:/opt/ros/humble /usr/bin/cmake --build /ws/build/bcr_ur5e_moveit_config -- -j4 -l4
[0.658s] DEBUG:colcon.colcon_core.event_handler.log_command:Invoked command in '/ws/build/bcr_ur5e_moveit_config' returned '0': CMAKE_PREFIX_PATH=/ws/install/bcr_ur5e_description:/ws/install/bcr_ur5e_moveit_config:/opt/ros/humble /usr/bin/cmake --build /ws/build/bcr_ur5e_moveit_config -- -j4 -l4
[0.659s] DEBUG:colcon.colcon_core.event_handler.log_command:Invoking command in '/ws/build/bcr_ur5e_moveit_config': CMAKE_PREFIX_PATH=/ws/install/bcr_ur5e_description:/ws/install/bcr_ur5e_moveit_config:/opt/ros/humble /usr/bin/cmake --install /ws/build/bcr_ur5e_moveit_config
[0.691s] Level 1:colcon.colcon_core.environment:create_environment_scripts_only(bcr_ur5e_moveit_config)
[0.692s] Level 1:colcon.colcon_core.environment:checking '/ws/install/bcr_ur5e_moveit_config' for CMake module files
[0.692s] DEBUG:colcon.colcon_core.event_handler.log_command:Invoked command in '/ws/build/bcr_ur5e_moveit_config' returned '0': CMAKE_PREFIX_PATH=/ws/install/bcr_ur5e_description:/ws/install/bcr_ur5e_moveit_config:/opt/ros/humble /usr/bin/cmake --install /ws/build/bcr_ur5e_moveit_config
[0.693s] Level 1:colcon.colcon_core.environment:checking '/ws/install/bcr_ur5e_moveit_config' for CMake config files
[0.693s] Level 1:colcon.colcon_core.shell:create_environment_hook('bcr_ur5e_moveit_config', 'cmake_prefix_path')
[0.693s] INFO:colcon.colcon_core.shell:Creating environment hook '/ws/install/bcr_ur5e_moveit_config/share/bcr_ur5e_moveit_config/hook/cmake_prefix_path.ps1'
[0.694s] INFO:colcon.colcon_core.shell:Creating environment descriptor '/ws/install/bcr_ur5e_moveit_config/share/bcr_ur5e_moveit_config/hook/cmake_prefix_path.dsv'
[0.694s] INFO:colcon.colcon_core.shell:Creating environment hook '/ws/install/bcr_ur5e_moveit_config/share/bcr_ur5e_moveit_config/hook/cmake_prefix_path.sh'
[0.695s] Level 1:colcon.colcon_core.environment:checking '/ws/install/bcr_ur5e_moveit_config/bin'
[0.695s] Level 1:colcon.colcon_core.environment:checking '/ws/install/bcr_ur5e_moveit_config/lib/pkgconfig/bcr_ur5e_moveit_config.pc'
[0.696s] Level 1:colcon.colcon_core.environment:checking '/ws/install/bcr_ur5e_moveit_config/lib/python3.10/site-packages'
[0.696s] Level 1:colcon.colcon_core.environment:checking '/ws/install/bcr_ur5e_moveit_config/bin'
[0.696s] INFO:colcon.colcon_core.shell:Creating package script '/ws/install/bcr_ur5e_moveit_config/share/bcr_ur5e_moveit_config/package.ps1'
[0.697s] INFO:colcon.colcon_core.shell:Creating package descriptor '/ws/install/bcr_ur5e_moveit_config/share/bcr_ur5e_moveit_config/package.dsv'
[0.698s] INFO:colcon.colcon_core.shell:Creating package script '/ws/install/bcr_ur5e_moveit_config/share/bcr_ur5e_moveit_config/package.sh'
[0.698s] INFO:colcon.colcon_core.shell:Creating package script '/ws/install/bcr_ur5e_moveit_config/share/bcr_ur5e_moveit_config/package.bash'
[0.699s] INFO:colcon.colcon_core.shell:Creating package script '/ws/install/bcr_ur5e_moveit_config/share/bcr_ur5e_moveit_config/package.zsh'
[0.699s] Level 1:colcon.colcon_core.environment:create_file_with_runtime_dependencies(/ws/install/bcr_ur5e_moveit_config/share/colcon-core/packages/bcr_ur5e_moveit_config)
[0.700s] Level 1:colcon.colcon_core.environment:create_environment_scripts_only(bcr_ur5e_moveit_config)
[0.701s] Level 1:colcon.colcon_core.environment:checking '/ws/install/bcr_ur5e_moveit_config' for CMake module files
[0.701s] Level 1:colcon.colcon_core.environment:checking '/ws/install/bcr_ur5e_moveit_config' for CMake config files
[0.701s] Level 1:colcon.colcon_core.shell:create_environment_hook('bcr_ur5e_moveit_config', 'cmake_prefix_path')
[0.702s] INFO:colcon.colcon_core.shell:Creating environment hook '/ws/install/bcr_ur5e_moveit_config/share/bcr_ur5e_moveit_config/hook/cmake_prefix_path.ps1'
[0.702s] INFO:colcon.colcon_core.shell:Creating environment descriptor '/ws/install/bcr_ur5e_moveit_config/share/bcr_ur5e_moveit_config/hook/cmake_prefix_path.dsv'
[0.703s] INFO:colcon.colcon_core.shell:Creating environment hook '/ws/install/bcr_ur5e_moveit_config/share/bcr_ur5e_moveit_config/hook/cmake_prefix_path.sh'
[0.704s] Level 1:colcon.colcon_core.environment:checking '/ws/install/bcr_ur5e_moveit_config/bin'
[0.704s] Level 1:colcon.colcon_core.environment:checking '/ws/install/bcr_ur5e_moveit_config/lib/pkgconfig/bcr_ur5e_moveit_config.pc'
[0.704s] Level 1:colcon.colcon_core.environment:checking '/ws/install/bcr_ur5e_moveit_config/lib/python3.10/site-packages'
[0.704s] Level 1:colcon.colcon_core.environment:checking '/ws/install/bcr_ur5e_moveit_config/bin'
[0.705s] INFO:colcon.colcon_core.shell:Creating package script '/ws/install/bcr_ur5e_moveit_config/share/bcr_ur5e_moveit_config/package.ps1'
[0.706s] INFO:colcon.colcon_core.shell:Creating package descriptor '/ws/install/bcr_ur5e_moveit_config/share/bcr_ur5e_moveit_config/package.dsv'
[0.706s] INFO:colcon.colcon_core.shell:Creating package script '/ws/install/bcr_ur5e_moveit_config/share/bcr_ur5e_moveit_config/package.sh'
[0.707s] INFO:colcon.colcon_core.shell:Creating package script '/ws/install/bcr_ur5e_moveit_config/share/bcr_ur5e_moveit_config/package.bash'
[0.708s] INFO:colcon.colcon_core.shell:Creating package script '/ws/install/bcr_ur5e_moveit_config/share/bcr_ur5e_moveit_config/package.zsh'
[0.708s] Level 1:colcon.colcon_core.environment:create_file_with_runtime_dependencies(/ws/install/bcr_ur5e_moveit_config/share/colcon-core/packages/bcr_ur5e_moveit_config)
[0.708s] DEBUG:colcon.colcon_parallel_executor.executor.parallel:closing loop
[0.709s] DEBUG:colcon.colcon_parallel_executor.executor.parallel:loop closed
[0.709s] DEBUG:colcon.colcon_parallel_executor.executor.parallel:run_until_complete finished with '0'
[0.709s] DEBUG:colcon.colcon_core.event_reactor:joining thread
[0.730s] INFO:colcon.colcon_core.plugin_system:Skipping extension 'colcon_notification.desktop_notification.notify_send': Could not find 'notify-send'
[0.731s] INFO:colcon.colcon_core.plugin_system:Skipping extension 'colcon_notification.desktop_notification.terminal_notifier': Not used on non-Darwin systems
[0.731s] INFO:colcon.colcon_core.plugin_system:Skipping extension 'colcon_notification.desktop_notification.win32': Not used on non-Windows systems
[0.731s] INFO:colcon.colcon_notification.desktop_notification:Sending desktop notification using 'notify2'
[0.735s] DEBUG:colcon.colcon_notification.desktop_notification.notify2:Failed to initialize notify2: org.freedesktop.DBus.Error.Spawn.ExecFailed: /usr/bin/dbus-launch terminated abnormally without any error message
[0.735s] DEBUG:colcon.colcon_core.event_reactor:joined thread
[0.736s] INFO:colcon.colcon_core.shell:Creating prefix script '/ws/install/local_setup.ps1'
[0.739s] INFO:colcon.colcon_core.shell:Creating prefix util module '/ws/install/_local_setup_util_ps1.py'
[0.742s] INFO:colcon.colcon_core.shell:Creating prefix chain script '/ws/install/setup.ps1'
[0.745s] INFO:colcon.colcon_core.shell:Creating prefix script '/ws/install/local_setup.sh'
[0.746s] INFO:colcon.colcon_core.shell:Creating prefix util module '/ws/install/_local_setup_util_sh.py'
[0.747s] INFO:colcon.colcon_core.shell:Creating prefix chain script '/ws/install/setup.sh'
[0.749s] INFO:colcon.colcon_core.shell:Creating prefix script '/ws/install/local_setup.bash'
[0.750s] INFO:colcon.colcon_core.shell:Creating prefix chain script '/ws/install/setup.bash'
[0.751s] INFO:colcon.colcon_core.shell:Creating prefix script '/ws/install/local_setup.zsh'
[0.752s] INFO:colcon.colcon_core.shell:Creating prefix chain script '/ws/install/setup.zsh'
