-- Found ament_cmake: 1.3.14 (/opt/ros/humble/share/ament_cmake/cmake)
-- Override CMake install command with custom implementation using symlinks instead of copying resources
-- Configuring done
-- Generating done
-- Build files have been written to: /ws/build/bcr_ur5e_description
-- Install configuration: ""
-- Execute custom install script
-- Up-to-date symlink: /ws/install/bcr_ur5e_description/share/bcr_ur5e_description/mujoco/assets/base_0.obj
-- Up-to-date symlink: /ws/install/bcr_ur5e_description/share/bcr_ur5e_description/mujoco/assets/base_1.obj
-- Up-to-date symlink: /ws/install/bcr_ur5e_description/share/bcr_ur5e_description/mujoco/assets/forearm_0.obj
-- Up-to-date symlink: /ws/install/bcr_ur5e_description/share/bcr_ur5e_description/mujoco/assets/forearm_1.obj
-- Up-to-date symlink: /ws/install/bcr_ur5e_description/share/bcr_ur5e_description/mujoco/assets/forearm_2.obj
-- Up-to-date symlink: /ws/install/bcr_ur5e_description/share/bcr_ur5e_description/mujoco/assets/forearm_3.obj
-- Up-to-date symlink: /ws/install/bcr_ur5e_description/share/bcr_ur5e_description/mujoco/assets/shoulder_0.obj
-- Up-to-date symlink: /ws/install/bcr_ur5e_description/share/bcr_ur5e_description/mujoco/assets/shoulder_1.obj
-- Up-to-date symlink: /ws/install/bcr_ur5e_description/share/bcr_ur5e_description/mujoco/assets/shoulder_2.obj
-- Up-to-date symlink: /ws/install/bcr_ur5e_description/share/bcr_ur5e_description/mujoco/assets/upperarm_0.obj
-- Up-to-date symlink: /ws/install/bcr_ur5e_description/share/bcr_ur5e_description/mujoco/assets/upperarm_1.obj
-- Up-to-date symlink: /ws/install/bcr_ur5e_description/share/bcr_ur5e_description/mujoco/assets/upperarm_2.obj
-- Up-to-date symlink: /ws/install/bcr_ur5e_description/share/bcr_ur5e_description/mujoco/assets/upperarm_3.obj
-- Up-to-date symlink: /ws/install/bcr_ur5e_description/share/bcr_ur5e_description/mujoco/assets/wrist1_0.obj
-- Up-to-date symlink: /ws/install/bcr_ur5e_description/share/bcr_ur5e_description/mujoco/assets/wrist1_1.obj
-- Up-to-date symlink: /ws/install/bcr_ur5e_description/share/bcr_ur5e_description/mujoco/assets/wrist1_2.obj
-- Up-to-date symlink: /ws/install/bcr_ur5e_description/share/bcr_ur5e_description/mujoco/assets/wrist2_0.obj
-- Up-to-date symlink: /ws/install/bcr_ur5e_description/share/bcr_ur5e_description/mujoco/assets/wrist2_1.obj
-- Up-to-date symlink: /ws/install/bcr_ur5e_description/share/bcr_ur5e_description/mujoco/assets/wrist2_2.obj
-- Up-to-date symlink: /ws/install/bcr_ur5e_description/share/bcr_ur5e_description/mujoco/assets/wrist3.obj
-- Up-to-date symlink: /ws/install/bcr_ur5e_description/share/bcr_ur5e_description/mujoco/scene_table.xml
-- Up-to-date symlink: /ws/install/bcr_ur5e_description/share/bcr_ur5e_description/mujoco/ur5e_assignment.xml
-- Symlinking: /ws/install/bcr_ur5e_description/share/bcr_ur5e_description/launch/display_urdf.launch.py
-- Up-to-date symlink: /ws/install/bcr_ur5e_description/share/bcr_ur5e_description/launch/mujoco_viewer.launch.py
-- Symlinking: /ws/install/bcr_ur5e_description/share/bcr_ur5e_description/urdf/ur5e_with_tool.urdf.xacro
-- Up-to-date symlink: /ws/install/bcr_ur5e_description/share/ament_index/resource_index/package_run_dependencies/bcr_ur5e_description
-- Up-to-date symlink: /ws/install/bcr_ur5e_description/share/ament_index/resource_index/parent_prefix_path/bcr_ur5e_description
-- Up-to-date symlink: /ws/install/bcr_ur5e_description/share/bcr_ur5e_description/environment/ament_prefix_path.sh
-- Up-to-date symlink: /ws/install/bcr_ur5e_description/share/bcr_ur5e_description/environment/ament_prefix_path.dsv
-- Up-to-date symlink: /ws/install/bcr_ur5e_description/share/bcr_ur5e_description/environment/path.sh
-- Up-to-date symlink: /ws/install/bcr_ur5e_description/share/bcr_ur5e_description/environment/path.dsv
-- Up-to-date symlink: /ws/install/bcr_ur5e_description/share/bcr_ur5e_description/local_setup.bash
-- Up-to-date symlink: /ws/install/bcr_ur5e_description/share/bcr_ur5e_description/local_setup.sh
-- Up-to-date symlink: /ws/install/bcr_ur5e_description/share/bcr_ur5e_description/local_setup.zsh
-- Up-to-date symlink: /ws/install/bcr_ur5e_description/share/bcr_ur5e_description/local_setup.dsv
-- Symlinking: /ws/install/bcr_ur5e_description/share/bcr_ur5e_description/package.dsv
-- Up-to-date symlink: /ws/install/bcr_ur5e_description/share/ament_index/resource_index/packages/bcr_ur5e_description
-- Up-to-date symlink: /ws/install/bcr_ur5e_description/share/bcr_ur5e_description/cmake/bcr_ur5e_descriptionConfig.cmake
-- Up-to-date symlink: /ws/install/bcr_ur5e_description/share/bcr_ur5e_description/cmake/bcr_ur5e_descriptionConfig-version.cmake
-- Up-to-date symlink: /ws/install/bcr_ur5e_description/share/bcr_ur5e_description/package.xml
