[0.018s] Invoking command in '/ws/build/bcr_ur5e_moveit_config': CMAKE_PREFIX_PATH=/ws/install/bcr_ur5e_description:/ws/install/bcr_ur5e_moveit_config:/opt/ros/humble /usr/bin/cmake --build /ws/build/bcr_ur5e_moveit_config -- -j4 -l4
[0.075s] Invoked command in '/ws/build/bcr_ur5e_moveit_config' returned '0': CMAKE_PREFIX_PATH=/ws/install/bcr_ur5e_description:/ws/install/bcr_ur5e_moveit_config:/opt/ros/humble /usr/bin/cmake --build /ws/build/bcr_ur5e_moveit_config -- -j4 -l4
[0.090s] Invoking command in '/ws/build/bcr_ur5e_moveit_config': CMAKE_PREFIX_PATH=/ws/install/bcr_ur5e_description:/ws/install/bcr_ur5e_moveit_config:/opt/ros/humble /usr/bin/cmake --install /ws/build/bcr_ur5e_moveit_config
[0.100s] -- Install configuration: ""
[0.101s] -- Execute custom install script
[0.102s] -- Up-to-date symlink: /ws/install/bcr_ur5e_moveit_config/share/bcr_ur5e_moveit_config/config/bcr_ur5e.srdf
[0.102s] -- Up-to-date symlink: /ws/install/bcr_ur5e_moveit_config/share/bcr_ur5e_moveit_config/config/joint_limits.yaml
[0.102s] -- Up-to-date symlink: /ws/install/bcr_ur5e_moveit_config/share/bcr_ur5e_moveit_config/config/kinematics.yaml
[0.103s] -- Up-to-date symlink: /ws/install/bcr_ur5e_moveit_config/share/bcr_ur5e_moveit_config/config/ompl_planning.yaml
[0.103s] -- Up-to-date symlink: /ws/install/bcr_ur5e_moveit_config/share/bcr_ur5e_moveit_config/config/ur5e_with_tool.urdf.xacro
[0.103s] -- Up-to-date symlink: /ws/install/bcr_ur5e_moveit_config/share/bcr_ur5e_moveit_config/launch/moveit_demo.launch.py
[0.104s] -- Up-to-date symlink: /ws/install/bcr_ur5e_moveit_config/share/ament_index/resource_index/package_run_dependencies/bcr_ur5e_moveit_config
[0.104s] -- Up-to-date symlink: /ws/install/bcr_ur5e_moveit_config/share/ament_index/resource_index/parent_prefix_path/bcr_ur5e_moveit_config
[0.104s] -- Up-to-date symlink: /ws/install/bcr_ur5e_moveit_config/share/bcr_ur5e_moveit_config/environment/ament_prefix_path.sh
[0.105s] -- Up-to-date symlink: /ws/install/bcr_ur5e_moveit_config/share/bcr_ur5e_moveit_config/environment/ament_prefix_path.dsv
[0.105s] -- Up-to-date symlink: /ws/install/bcr_ur5e_moveit_config/share/bcr_ur5e_moveit_config/environment/path.sh
[0.105s] -- Up-to-date symlink: /ws/install/bcr_ur5e_moveit_config/share/bcr_ur5e_moveit_config/environment/path.dsv
[0.105s] -- Up-to-date symlink: /ws/install/bcr_ur5e_moveit_config/share/bcr_ur5e_moveit_config/local_setup.bash
[0.106s] -- Up-to-date symlink: /ws/install/bcr_ur5e_moveit_config/share/bcr_ur5e_moveit_config/local_setup.sh
[0.106s] -- Up-to-date symlink: /ws/install/bcr_ur5e_moveit_config/share/bcr_ur5e_moveit_config/local_setup.zsh
[0.106s] -- Up-to-date symlink: /ws/install/bcr_ur5e_moveit_config/share/bcr_ur5e_moveit_config/local_setup.dsv
[0.106s] -- Symlinking: /ws/install/bcr_ur5e_moveit_config/share/bcr_ur5e_moveit_config/package.dsv
[0.118s] -- Up-to-date symlink: /ws/install/bcr_ur5e_moveit_config/share/ament_index/resource_index/packages/bcr_ur5e_moveit_config
[0.118s] -- Up-to-date symlink: /ws/install/bcr_ur5e_moveit_config/share/bcr_ur5e_moveit_config/cmake/bcr_ur5e_moveit_configConfig.cmake
[0.118s] -- Up-to-date symlink: /ws/install/bcr_ur5e_moveit_config/share/bcr_ur5e_moveit_config/cmake/bcr_ur5e_moveit_configConfig-version.cmake
[0.119s] -- Up-to-date symlink: /ws/install/bcr_ur5e_moveit_config/share/bcr_ur5e_moveit_config/package.xml
[0.124s] Invoked command in '/ws/build/bcr_ur5e_moveit_config' returned '0': CMAKE_PREFIX_PATH=/ws/install/bcr_ur5e_description:/ws/install/bcr_ur5e_moveit_config:/opt/ros/humble /usr/bin/cmake --install /ws/build/bcr_ur5e_moveit_config
