[0.192s] DEBUG:colcon:Command line arguments: ['/usr/bin/colcon', 'build', '--symlink-install']
[0.192s] DEBUG:colcon:Parsed command line arguments: Namespace(log_base=None, log_level=None, verb_name='build', build_base='build', install_base='install', merge_install=False, symlink_install=True, test_result_base=None, continue_on_error=False, executor='parallel', parallel_workers=4, event_handlers=None, ignore_user_meta=False, metas=['./colcon.meta'], base_paths=['.'], packages_ignore=None, packages_ignore_regex=None, paths=None, packages_up_to=None, packages_up_to_regex=None, packages_above=None, packages_above_and_dependencies=None, packages_above_depth=None, packages_select_by_dep=None, packages_skip_by_dep=None, packages_skip_up_to=None, packages_select_build_failed=False, packages_skip_build_finished=False, packages_select_test_failures=False, packages_skip_test_passed=False, packages_select=None, packages_skip=None, packages_select_regex=None, packages_skip_regex=None, packages_start=None, packages_end=None, cmake_args=None, cmake_target=None, cmake_target_skip_unavailable=False, cmake_clean_cache=False, cmake_clean_first=False, cmake_force_configure=False, ament_cmake_args=None, catkin_cmake_args=None, catkin_skip_building_tests=False, mixin_files=None, mixin=None, verb_parser=<colcon_mixin.mixin.mixin_argument.MixinArgumentDecorator object at 0x7c4e7b6f00d0>, verb_extension=<colcon_core.verb.build.BuildVerb object at 0x7c4e7b875330>, main=<bound method BuildVerb.main of <colcon_core.verb.build.BuildVerb object at 0x7c4e7b875330>>, mixin_verb=('build',))
[0.437s] Level 1:colcon.colcon_core.package_discovery:discover_packages(colcon_meta) check parameters
[0.438s] INFO:colcon.colcon_metadata.package_discovery.colcon_meta:Using configuration from '/root/.colcon/metadata/default/Gazebo.meta'
[0.439s] INFO:colcon.colcon_metadata.package_discovery.colcon_meta:Using configuration from '/root/.colcon/metadata/default/fastdds.meta'
[0.440s] INFO:colcon.colcon_metadata.package_discovery.colcon_meta:Using configuration from '/root/.colcon/metadata/default/fastrtps.meta'
[0.440s] Level 1:colcon.colcon_core.package_discovery:discover_packages(recursive) check parameters
[0.440s] Level 1:colcon.colcon_core.package_discovery:discover_packages(ignore) check parameters
[0.440s] Level 1:colcon.colcon_core.package_discovery:discover_packages(path) check parameters
[0.440s] Level 1:colcon.colcon_core.package_discovery:discover_packages(colcon_meta) discover
[0.440s] Level 1:colcon.colcon_core.package_discovery:discover_packages(recursive) discover
[0.440s] INFO:colcon.colcon_core.package_discovery:Crawling recursively for packages in '/ws'
[0.440s] Level 1:colcon.colcon_core.package_identification:_identify(.) by extensions ['ignore', 'ignore_ament_install']
[0.441s] Level 1:colcon.colcon_core.package_identification:_identify(.) by extension 'ignore'
[0.441s] Level 1:colcon.colcon_core.package_identification:_identify(.) by extension 'ignore_ament_install'
[0.441s] Level 1:colcon.colcon_core.package_identification:_identify(.) by extensions ['colcon_pkg']
[0.441s] Level 1:colcon.colcon_core.package_identification:_identify(.) by extension 'colcon_pkg'
[0.441s] Level 1:colcon.colcon_core.package_identification:_identify(.) by extensions ['colcon_meta']
[0.441s] Level 1:colcon.colcon_core.package_identification:_identify(.) by extension 'colcon_meta'
[0.441s] Level 1:colcon.colcon_core.package_identification:_identify(.) by extensions ['ros']
[0.441s] Level 1:colcon.colcon_core.package_identification:_identify(.) by extension 'ros'
[0.459s] Level 1:colcon.colcon_core.package_identification:_identify(.) by extensions ['cmake', 'python']
[0.459s] Level 1:colcon.colcon_core.package_identification:_identify(.) by extension 'cmake'
[0.459s] Level 1:colcon.colcon_core.package_identification:_identify(.) by extension 'python'
[0.459s] Level 1:colcon.colcon_core.package_identification:_identify(.) by extensions ['python_setup_py']
[0.459s] Level 1:colcon.colcon_core.package_identification:_identify(.) by extension 'python_setup_py'
[0.459s] Level 1:colcon.colcon_core.package_identification:_identify(build) by extensions ['ignore', 'ignore_ament_install']
[0.459s] Level 1:colcon.colcon_core.package_identification:_identify(build) by extension 'ignore'
[0.459s] Level 1:colcon.colcon_core.package_identification:_identify(build) ignored
[0.460s] Level 1:colcon.colcon_core.package_identification:_identify(install) by extensions ['ignore', 'ignore_ament_install']
[0.460s] Level 1:colcon.colcon_core.package_identification:_identify(install) by extension 'ignore'
[0.460s] Level 1:colcon.colcon_core.package_identification:_identify(install) ignored
[0.460s] Level 1:colcon.colcon_core.package_identification:_identify(log) by extensions ['ignore', 'ignore_ament_install']
[0.460s] Level 1:colcon.colcon_core.package_identification:_identify(log) by extension 'ignore'
[0.460s] Level 1:colcon.colcon_core.package_identification:_identify(log) ignored
[0.460s] Level 1:colcon.colcon_core.package_identification:_identify(src) by extensions ['ignore', 'ignore_ament_install']
[0.460s] Level 1:colcon.colcon_core.package_identification:_identify(src) by extension 'ignore'
[0.460s] Level 1:colcon.colcon_core.package_identification:_identify(src) by extension 'ignore_ament_install'
[0.460s] Level 1:colcon.colcon_core.package_identification:_identify(src) by extensions ['colcon_pkg']
[0.461s] Level 1:colcon.colcon_core.package_identification:_identify(src) by extension 'colcon_pkg'
[0.461s] Level 1:colcon.colcon_core.package_identification:_identify(src) by extensions ['colcon_meta']
[0.461s] Level 1:colcon.colcon_core.package_identification:_identify(src) by extension 'colcon_meta'
[0.461s] Level 1:colcon.colcon_core.package_identification:_identify(src) by extensions ['ros']
[0.461s] Level 1:colcon.colcon_core.package_identification:_identify(src) by extension 'ros'
[0.461s] Level 1:colcon.colcon_core.package_identification:_identify(src) by extensions ['cmake', 'python']
[0.461s] Level 1:colcon.colcon_core.package_identification:_identify(src) by extension 'cmake'
[0.461s] Level 1:colcon.colcon_core.package_identification:_identify(src) by extension 'python'
[0.461s] Level 1:colcon.colcon_core.package_identification:_identify(src) by extensions ['python_setup_py']
[0.461s] Level 1:colcon.colcon_core.package_identification:_identify(src) by extension 'python_setup_py'
[0.462s] Level 1:colcon.colcon_core.package_identification:_identify(src/bcr_ur5e_description) by extensions ['ignore', 'ignore_ament_install']
[0.462s] Level 1:colcon.colcon_core.package_identification:_identify(src/bcr_ur5e_description) by extension 'ignore'
[0.462s] Level 1:colcon.colcon_core.package_identification:_identify(src/bcr_ur5e_description) by extension 'ignore_ament_install'
[0.462s] Level 1:colcon.colcon_core.package_identification:_identify(src/bcr_ur5e_description) by extensions ['colcon_pkg']
[0.462s] Level 1:colcon.colcon_core.package_identification:_identify(src/bcr_ur5e_description) by extension 'colcon_pkg'
[0.462s] Level 1:colcon.colcon_core.package_identification:_identify(src/bcr_ur5e_description) by extensions ['colcon_meta']
[0.462s] Level 1:colcon.colcon_core.package_identification:_identify(src/bcr_ur5e_description) by extension 'colcon_meta'
[0.462s] Level 1:colcon.colcon_core.package_identification:_identify(src/bcr_ur5e_description) by extensions ['ros']
[0.462s] Level 1:colcon.colcon_core.package_identification:_identify(src/bcr_ur5e_description) by extension 'ros'
[0.465s] DEBUG:colcon.colcon_core.package_identification:Package 'src/bcr_ur5e_description' with type 'ros.ament_cmake' and name 'bcr_ur5e_description'
[0.465s] Level 1:colcon.colcon_core.package_identification:_identify(third_party) by extensions ['ignore', 'ignore_ament_install']
[0.466s] Level 1:colcon.colcon_core.package_identification:_identify(third_party) by extension 'ignore'
[0.466s] Level 1:colcon.colcon_core.package_identification:_identify(third_party) by extension 'ignore_ament_install'
[0.466s] Level 1:colcon.colcon_core.package_identification:_identify(third_party) by extensions ['colcon_pkg']
[0.466s] Level 1:colcon.colcon_core.package_identification:_identify(third_party) by extension 'colcon_pkg'
[0.466s] Level 1:colcon.colcon_core.package_identification:_identify(third_party) by extensions ['colcon_meta']
[0.466s] Level 1:colcon.colcon_core.package_identification:_identify(third_party) by extension 'colcon_meta'
[0.466s] Level 1:colcon.colcon_core.package_identification:_identify(third_party) by extensions ['ros']
[0.466s] Level 1:colcon.colcon_core.package_identification:_identify(third_party) by extension 'ros'
[0.466s] Level 1:colcon.colcon_core.package_identification:_identify(third_party) by extensions ['cmake', 'python']
[0.467s] Level 1:colcon.colcon_core.package_identification:_identify(third_party) by extension 'cmake'
[0.467s] Level 1:colcon.colcon_core.package_identification:_identify(third_party) by extension 'python'
[0.467s] Level 1:colcon.colcon_core.package_identification:_identify(third_party) by extensions ['python_setup_py']
[0.467s] Level 1:colcon.colcon_core.package_identification:_identify(third_party) by extension 'python_setup_py'
[0.467s] Level 1:colcon.colcon_core.package_identification:_identify(third_party/mujoco_menagerie) by extensions ['ignore', 'ignore_ament_install']
[0.467s] Level 1:colcon.colcon_core.package_identification:_identify(third_party/mujoco_menagerie) by extension 'ignore'
[0.467s] Level 1:colcon.colcon_core.package_identification:_identify(third_party/mujoco_menagerie) by extension 'ignore_ament_install'
[0.468s] Level 1:colcon.colcon_core.package_identification:_identify(third_party/mujoco_menagerie) by extensions ['colcon_pkg']
[0.468s] Level 1:colcon.colcon_core.package_identification:_identify(third_party/mujoco_menagerie) by extension 'colcon_pkg'
[0.468s] Level 1:colcon.colcon_core.package_identification:_identify(third_party/mujoco_menagerie) by extensions ['colcon_meta']
[0.468s] Level 1:colcon.colcon_core.package_identification:_identify(third_party/mujoco_menagerie) by extension 'colcon_meta'
[0.468s] Level 1:colcon.colcon_core.package_identification:_identify(third_party/mujoco_menagerie) by extensions ['ros']
[0.468s] Level 1:colcon.colcon_core.package_identification:_identify(third_party/mujoco_menagerie) by extension 'ros'
[0.468s] Level 1:colcon.colcon_core.package_identification:_identify(third_party/mujoco_menagerie) by extensions ['cmake', 'python']
[0.469s] Level 1:colcon.colcon_core.package_identification:_identify(third_party/mujoco_menagerie) by extension 'cmake'
[0.469s] Level 1:colcon.colcon_core.package_identification:_identify(third_party/mujoco_menagerie) by extension 'python'
[0.469s] Level 1:colcon.colcon_core.package_identification:_identify(third_party/mujoco_menagerie) by extensions ['python_setup_py']
[0.469s] Level 1:colcon.colcon_core.package_identification:_identify(third_party/mujoco_menagerie) by extension 'python_setup_py'
[0.469s] Level 1:colcon.colcon_core.package_identification:_identify(third_party/mujoco_menagerie/universal_robots_ur5e) by extensions ['ignore', 'ignore_ament_install']
[0.469s] Level 1:colcon.colcon_core.package_identification:_identify(third_party/mujoco_menagerie/universal_robots_ur5e) by extension 'ignore'
[0.469s] Level 1:colcon.colcon_core.package_identification:_identify(third_party/mujoco_menagerie/universal_robots_ur5e) by extension 'ignore_ament_install'
[0.469s] Level 1:colcon.colcon_core.package_identification:_identify(third_party/mujoco_menagerie/universal_robots_ur5e) by extensions ['colcon_pkg']
[0.469s] Level 1:colcon.colcon_core.package_identification:_identify(third_party/mujoco_menagerie/universal_robots_ur5e) by extension 'colcon_pkg'
[0.470s] Level 1:colcon.colcon_core.package_identification:_identify(third_party/mujoco_menagerie/universal_robots_ur5e) by extensions ['colcon_meta']
[0.470s] Level 1:colcon.colcon_core.package_identification:_identify(third_party/mujoco_menagerie/universal_robots_ur5e) by extension 'colcon_meta'
[0.470s] Level 1:colcon.colcon_core.package_identification:_identify(third_party/mujoco_menagerie/universal_robots_ur5e) by extensions ['ros']
[0.470s] Level 1:colcon.colcon_core.package_identification:_identify(third_party/mujoco_menagerie/universal_robots_ur5e) by extension 'ros'
[0.470s] Level 1:colcon.colcon_core.package_identification:_identify(third_party/mujoco_menagerie/universal_robots_ur5e) by extensions ['cmake', 'python']
[0.470s] Level 1:colcon.colcon_core.package_identification:_identify(third_party/mujoco_menagerie/universal_robots_ur5e) by extension 'cmake'
[0.470s] Level 1:colcon.colcon_core.package_identification:_identify(third_party/mujoco_menagerie/universal_robots_ur5e) by extension 'python'
[0.470s] Level 1:colcon.colcon_core.package_identification:_identify(third_party/mujoco_menagerie/universal_robots_ur5e) by extensions ['python_setup_py']
[0.470s] Level 1:colcon.colcon_core.package_identification:_identify(third_party/mujoco_menagerie/universal_robots_ur5e) by extension 'python_setup_py'
[0.470s] Level 1:colcon.colcon_core.package_identification:_identify(third_party/mujoco_menagerie/universal_robots_ur5e/assets) by extensions ['ignore', 'ignore_ament_install']
[0.470s] Level 1:colcon.colcon_core.package_identification:_identify(third_party/mujoco_menagerie/universal_robots_ur5e/assets) by extension 'ignore'
[0.470s] Level 1:colcon.colcon_core.package_identification:_identify(third_party/mujoco_menagerie/universal_robots_ur5e/assets) by extension 'ignore_ament_install'
[0.470s] Level 1:colcon.colcon_core.package_identification:_identify(third_party/mujoco_menagerie/universal_robots_ur5e/assets) by extensions ['colcon_pkg']
[0.470s] Level 1:colcon.colcon_core.package_identification:_identify(third_party/mujoco_menagerie/universal_robots_ur5e/assets) by extension 'colcon_pkg'
[0.471s] Level 1:colcon.colcon_core.package_identification:_identify(third_party/mujoco_menagerie/universal_robots_ur5e/assets) by extensions ['colcon_meta']
[0.471s] Level 1:colcon.colcon_core.package_identification:_identify(third_party/mujoco_menagerie/universal_robots_ur5e/assets) by extension 'colcon_meta'
[0.471s] Level 1:colcon.colcon_core.package_identification:_identify(third_party/mujoco_menagerie/universal_robots_ur5e/assets) by extensions ['ros']
[0.471s] Level 1:colcon.colcon_core.package_identification:_identify(third_party/mujoco_menagerie/universal_robots_ur5e/assets) by extension 'ros'
[0.471s] Level 1:colcon.colcon_core.package_identification:_identify(third_party/mujoco_menagerie/universal_robots_ur5e/assets) by extensions ['cmake', 'python']
[0.471s] Level 1:colcon.colcon_core.package_identification:_identify(third_party/mujoco_menagerie/universal_robots_ur5e/assets) by extension 'cmake'
[0.471s] Level 1:colcon.colcon_core.package_identification:_identify(third_party/mujoco_menagerie/universal_robots_ur5e/assets) by extension 'python'
[0.471s] Level 1:colcon.colcon_core.package_identification:_identify(third_party/mujoco_menagerie/universal_robots_ur5e/assets) by extensions ['python_setup_py']
[0.471s] Level 1:colcon.colcon_core.package_identification:_identify(third_party/mujoco_menagerie/universal_robots_ur5e/assets) by extension 'python_setup_py'
[0.471s] Level 1:colcon.colcon_core.package_discovery:discover_packages(recursive) using defaults
[0.471s] Level 1:colcon.colcon_core.package_discovery:discover_packages(ignore) discover
[0.471s] Level 1:colcon.colcon_core.package_discovery:discover_packages(ignore) using defaults
[0.471s] Level 1:colcon.colcon_core.package_discovery:discover_packages(path) discover
[0.471s] Level 1:colcon.colcon_core.package_discovery:discover_packages(path) using defaults
[0.502s] Level 5:colcon.colcon_core.verb:set package 'bcr_ur5e_description' build argument 'cmake_args' from command line to 'None'
[0.502s] Level 5:colcon.colcon_core.verb:set package 'bcr_ur5e_description' build argument 'cmake_target' from command line to 'None'
[0.502s] Level 5:colcon.colcon_core.verb:set package 'bcr_ur5e_description' build argument 'cmake_target_skip_unavailable' from command line to 'False'
[0.502s] Level 5:colcon.colcon_core.verb:set package 'bcr_ur5e_description' build argument 'cmake_clean_cache' from command line to 'False'
[0.502s] Level 5:colcon.colcon_core.verb:set package 'bcr_ur5e_description' build argument 'cmake_clean_first' from command line to 'False'
[0.502s] Level 5:colcon.colcon_core.verb:set package 'bcr_ur5e_description' build argument 'cmake_force_configure' from command line to 'False'
[0.502s] Level 5:colcon.colcon_core.verb:set package 'bcr_ur5e_description' build argument 'ament_cmake_args' from command line to 'None'
[0.502s] Level 5:colcon.colcon_core.verb:set package 'bcr_ur5e_description' build argument 'catkin_cmake_args' from command line to 'None'
[0.502s] Level 5:colcon.colcon_core.verb:set package 'bcr_ur5e_description' build argument 'catkin_skip_building_tests' from command line to 'False'
[0.502s] DEBUG:colcon.colcon_core.verb:Building package 'bcr_ur5e_description' with the following arguments: {'ament_cmake_args': None, 'build_base': '/ws/build/bcr_ur5e_description', 'catkin_cmake_args': None, 'catkin_skip_building_tests': False, 'cmake_args': None, 'cmake_clean_cache': False, 'cmake_clean_first': False, 'cmake_force_configure': False, 'cmake_target': None, 'cmake_target_skip_unavailable': False, 'install_base': '/ws/install/bcr_ur5e_description', 'merge_install': False, 'path': '/ws/src/bcr_ur5e_description', 'symlink_install': True, 'test_result_base': None}
[0.502s] INFO:colcon.colcon_core.executor:Executing jobs using 'parallel' executor
[0.505s] DEBUG:colcon.colcon_parallel_executor.executor.parallel:run_until_complete
[0.505s] INFO:colcon.colcon_ros.task.ament_cmake.build:Building ROS package in '/ws/src/bcr_ur5e_description' with build type 'ament_cmake'
[0.506s] INFO:colcon.colcon_cmake.task.cmake.build:Building CMake package in '/ws/src/bcr_ur5e_description'
[0.510s] INFO:colcon.colcon_core.plugin_system:Skipping extension 'colcon_core.shell.bat': Not used on non-Windows systems
[0.510s] INFO:colcon.colcon_core.shell:Skip shell extension 'powershell' for command environment: Not usable outside of PowerShell
[0.510s] DEBUG:colcon.colcon_core.shell:Skip shell extension 'dsv' for command environment
[0.523s] DEBUG:colcon.colcon_core.event_handler.log_command:Invoking command in '/ws/build/bcr_ur5e_description': CMAKE_PREFIX_PATH=/opt/ros/humble /usr/bin/cmake /ws/src/bcr_ur5e_description -DAMENT_CMAKE_SYMLINK_INSTALL=1 -DCMAKE_INSTALL_PREFIX=/ws/install/bcr_ur5e_description
[1.527s] DEBUG:colcon.colcon_core.event_handler.log_command:Invoked command in '/ws/build/bcr_ur5e_description' returned '0': CMAKE_PREFIX_PATH=/opt/ros/humble /usr/bin/cmake /ws/src/bcr_ur5e_description -DAMENT_CMAKE_SYMLINK_INSTALL=1 -DCMAKE_INSTALL_PREFIX=/ws/install/bcr_ur5e_description
[1.530s] DEBUG:colcon.colcon_core.event_handler.log_command:Invoking command in '/ws/build/bcr_ur5e_description': CMAKE_PREFIX_PATH=/opt/ros/humble /usr/bin/cmake --build /ws/build/bcr_ur5e_description -- -j4 -l4
[1.624s] DEBUG:colcon.colcon_core.event_handler.log_command:Invoked command in '/ws/build/bcr_ur5e_description' returned '0': CMAKE_PREFIX_PATH=/opt/ros/humble /usr/bin/cmake --build /ws/build/bcr_ur5e_description -- -j4 -l4
[1.643s] DEBUG:colcon.colcon_core.event_handler.log_command:Invoking command in '/ws/build/bcr_ur5e_description': CMAKE_PREFIX_PATH=/opt/ros/humble /usr/bin/cmake --install /ws/build/bcr_ur5e_description
[2.180s] Level 1:colcon.colcon_core.environment:create_environment_scripts_only(bcr_ur5e_description)
[2.181s] DEBUG:colcon.colcon_core.event_handler.log_command:Invoked command in '/ws/build/bcr_ur5e_description' returned '0': CMAKE_PREFIX_PATH=/opt/ros/humble /usr/bin/cmake --install /ws/build/bcr_ur5e_description
[2.186s] Level 1:colcon.colcon_core.environment:checking '/ws/install/bcr_ur5e_description' for CMake module files
[2.186s] Level 1:colcon.colcon_core.environment:checking '/ws/install/bcr_ur5e_description' for CMake config files
[2.187s] Level 1:colcon.colcon_core.shell:create_environment_hook('bcr_ur5e_description', 'cmake_prefix_path')
[2.187s] INFO:colcon.colcon_core.shell:Creating environment hook '/ws/install/bcr_ur5e_description/share/bcr_ur5e_description/hook/cmake_prefix_path.ps1'
[2.188s] INFO:colcon.colcon_core.shell:Creating environment descriptor '/ws/install/bcr_ur5e_description/share/bcr_ur5e_description/hook/cmake_prefix_path.dsv'
[2.189s] INFO:colcon.colcon_core.shell:Creating environment hook '/ws/install/bcr_ur5e_description/share/bcr_ur5e_description/hook/cmake_prefix_path.sh'
[2.190s] Level 1:colcon.colcon_core.environment:checking '/ws/install/bcr_ur5e_description/bin'
[2.190s] Level 1:colcon.colcon_core.environment:checking '/ws/install/bcr_ur5e_description/lib/pkgconfig/bcr_ur5e_description.pc'
[2.193s] Level 1:colcon.colcon_core.environment:checking '/ws/install/bcr_ur5e_description/lib/python3.10/site-packages'
[2.193s] Level 1:colcon.colcon_core.environment:checking '/ws/install/bcr_ur5e_description/bin'
[2.193s] INFO:colcon.colcon_core.shell:Creating package script '/ws/install/bcr_ur5e_description/share/bcr_ur5e_description/package.ps1'
[2.195s] INFO:colcon.colcon_core.shell:Creating package descriptor '/ws/install/bcr_ur5e_description/share/bcr_ur5e_description/package.dsv'
[2.196s] INFO:colcon.colcon_core.shell:Creating package script '/ws/install/bcr_ur5e_description/share/bcr_ur5e_description/package.sh'
[2.197s] INFO:colcon.colcon_core.shell:Creating package script '/ws/install/bcr_ur5e_description/share/bcr_ur5e_description/package.bash'
[2.198s] INFO:colcon.colcon_core.shell:Creating package script '/ws/install/bcr_ur5e_description/share/bcr_ur5e_description/package.zsh'
[2.199s] Level 1:colcon.colcon_core.environment:create_file_with_runtime_dependencies(/ws/install/bcr_ur5e_description/share/colcon-core/packages/bcr_ur5e_description)
[2.200s] Level 1:colcon.colcon_core.environment:create_environment_scripts_only(bcr_ur5e_description)
[2.201s] Level 1:colcon.colcon_core.environment:checking '/ws/install/bcr_ur5e_description' for CMake module files
[2.202s] Level 1:colcon.colcon_core.environment:checking '/ws/install/bcr_ur5e_description' for CMake config files
[2.202s] Level 1:colcon.colcon_core.shell:create_environment_hook('bcr_ur5e_description', 'cmake_prefix_path')
[2.203s] INFO:colcon.colcon_core.shell:Creating environment hook '/ws/install/bcr_ur5e_description/share/bcr_ur5e_description/hook/cmake_prefix_path.ps1'
[2.203s] INFO:colcon.colcon_core.shell:Creating environment descriptor '/ws/install/bcr_ur5e_description/share/bcr_ur5e_description/hook/cmake_prefix_path.dsv'
[2.204s] INFO:colcon.colcon_core.shell:Creating environment hook '/ws/install/bcr_ur5e_description/share/bcr_ur5e_description/hook/cmake_prefix_path.sh'
[2.205s] Level 1:colcon.colcon_core.environment:checking '/ws/install/bcr_ur5e_description/bin'
[2.205s] Level 1:colcon.colcon_core.environment:checking '/ws/install/bcr_ur5e_description/lib/pkgconfig/bcr_ur5e_description.pc'
[2.205s] Level 1:colcon.colcon_core.environment:checking '/ws/install/bcr_ur5e_description/lib/python3.10/site-packages'
[2.205s] Level 1:colcon.colcon_core.environment:checking '/ws/install/bcr_ur5e_description/bin'
[2.206s] INFO:colcon.colcon_core.shell:Creating package script '/ws/install/bcr_ur5e_description/share/bcr_ur5e_description/package.ps1'
[2.207s] INFO:colcon.colcon_core.shell:Creating package descriptor '/ws/install/bcr_ur5e_description/share/bcr_ur5e_description/package.dsv'
[2.208s] INFO:colcon.colcon_core.shell:Creating package script '/ws/install/bcr_ur5e_description/share/bcr_ur5e_description/package.sh'
[2.208s] INFO:colcon.colcon_core.shell:Creating package script '/ws/install/bcr_ur5e_description/share/bcr_ur5e_description/package.bash'
[2.209s] INFO:colcon.colcon_core.shell:Creating package script '/ws/install/bcr_ur5e_description/share/bcr_ur5e_description/package.zsh'
[2.211s] Level 1:colcon.colcon_core.environment:create_file_with_runtime_dependencies(/ws/install/bcr_ur5e_description/share/colcon-core/packages/bcr_ur5e_description)
[2.212s] DEBUG:colcon.colcon_parallel_executor.executor.parallel:closing loop
[2.212s] DEBUG:colcon.colcon_parallel_executor.executor.parallel:loop closed
[2.212s] DEBUG:colcon.colcon_parallel_executor.executor.parallel:run_until_complete finished with '0'
[2.212s] DEBUG:colcon.colcon_core.event_reactor:joining thread
[2.239s] INFO:colcon.colcon_core.plugin_system:Skipping extension 'colcon_notification.desktop_notification.notify_send': Could not find 'notify-send'
[2.240s] INFO:colcon.colcon_core.plugin_system:Skipping extension 'colcon_notification.desktop_notification.terminal_notifier': Not used on non-Darwin systems
[2.240s] INFO:colcon.colcon_core.plugin_system:Skipping extension 'colcon_notification.desktop_notification.win32': Not used on non-Windows systems
[2.240s] INFO:colcon.colcon_notification.desktop_notification:Sending desktop notification using 'notify2'
[2.243s] DEBUG:colcon.colcon_notification.desktop_notification.notify2:Failed to initialize notify2: org.freedesktop.DBus.Error.Spawn.ExecFailed: /usr/bin/dbus-launch terminated abnormally without any error message
[2.243s] DEBUG:colcon.colcon_core.event_reactor:joined thread
[2.244s] INFO:colcon.colcon_core.shell:Creating prefix script '/ws/install/local_setup.ps1'
[2.246s] INFO:colcon.colcon_core.shell:Creating prefix util module '/ws/install/_local_setup_util_ps1.py'
[2.248s] INFO:colcon.colcon_core.shell:Creating prefix chain script '/ws/install/setup.ps1'
[2.250s] INFO:colcon.colcon_core.shell:Creating prefix script '/ws/install/local_setup.sh'
[2.252s] INFO:colcon.colcon_core.shell:Creating prefix util module '/ws/install/_local_setup_util_sh.py'
[2.253s] INFO:colcon.colcon_core.shell:Creating prefix chain script '/ws/install/setup.sh'
[2.254s] INFO:colcon.colcon_core.shell:Creating prefix script '/ws/install/local_setup.bash'
[2.255s] INFO:colcon.colcon_core.shell:Creating prefix chain script '/ws/install/setup.bash'
[2.257s] INFO:colcon.colcon_core.shell:Creating prefix script '/ws/install/local_setup.zsh'
[2.257s] INFO:colcon.colcon_core.shell:Creating prefix chain script '/ws/install/setup.zsh'
