[0.021s] Invoking command in '/ws/build/bcr_ur5e_description': CMAKE_PREFIX_PATH=${CMAKE_PREFIX_PATH}:/opt/ros/humble /usr/bin/cmake --build /ws/build/bcr_ur5e_description -- -j4 -l4
[0.084s] Invoked command in '/ws/build/bcr_ur5e_description' returned '0': CMAKE_PREFIX_PATH=${CMAKE_PREFIX_PATH}:/opt/ros/humble /usr/bin/cmake --build /ws/build/bcr_ur5e_description -- -j4 -l4
[0.097s] Invoking command in '/ws/build/bcr_ur5e_description': CMAKE_PREFIX_PATH=${CMAKE_PREFIX_PATH}:/opt/ros/humble /usr/bin/cmake --install /ws/build/bcr_ur5e_description
[0.107s] -- Install configuration: ""
[0.107s] -- Execute custom install script
[0.108s] -- Up-to-date symlink: /ws/install/bcr_ur5e_description/share/bcr_ur5e_description/mujoco/assets/base_0.obj
[0.108s] -- Up-to-date symlink: /ws/install/bcr_ur5e_description/share/bcr_ur5e_description/mujoco/assets/base_1.obj
[0.108s] -- Up-to-date symlink: /ws/install/bcr_ur5e_description/share/bcr_ur5e_description/mujoco/assets/forearm_0.obj
[0.109s] -- Up-to-date symlink: /ws/install/bcr_ur5e_description/share/bcr_ur5e_description/mujoco/assets/forearm_1.obj
[0.109s] -- Up-to-date symlink: /ws/install/bcr_ur5e_description/share/bcr_ur5e_description/mujoco/assets/forearm_2.obj
[0.109s] -- Up-to-date symlink: /ws/install/bcr_ur5e_description/share/bcr_ur5e_description/mujoco/assets/forearm_3.obj
[0.109s] -- Up-to-date symlink: /ws/install/bcr_ur5e_description/share/bcr_ur5e_description/mujoco/assets/shoulder_0.obj
[0.109s] -- Up-to-date symlink: /ws/install/bcr_ur5e_description/share/bcr_ur5e_description/mujoco/assets/shoulder_1.obj
[0.110s] -- Up-to-date symlink: /ws/install/bcr_ur5e_description/share/bcr_ur5e_description/mujoco/assets/shoulder_2.obj
[0.110s] -- Up-to-date symlink: /ws/install/bcr_ur5e_description/share/bcr_ur5e_description/mujoco/assets/upperarm_0.obj
[0.110s] -- Up-to-date symlink: /ws/install/bcr_ur5e_description/share/bcr_ur5e_description/mujoco/assets/upperarm_1.obj
[0.111s] -- Up-to-date symlink: /ws/install/bcr_ur5e_description/share/bcr_ur5e_description/mujoco/assets/upperarm_2.obj
[0.111s] -- Up-to-date symlink: /ws/install/bcr_ur5e_description/share/bcr_ur5e_description/mujoco/assets/upperarm_3.obj
[0.111s] -- Up-to-date symlink: /ws/install/bcr_ur5e_description/share/bcr_ur5e_description/mujoco/assets/wrist1_0.obj
[0.111s] -- Up-to-date symlink: /ws/install/bcr_ur5e_description/share/bcr_ur5e_description/mujoco/assets/wrist1_1.obj
[0.111s] -- Up-to-date symlink: /ws/install/bcr_ur5e_description/share/bcr_ur5e_description/mujoco/assets/wrist1_2.obj
[0.112s] -- Up-to-date symlink: /ws/install/bcr_ur5e_description/share/bcr_ur5e_description/mujoco/assets/wrist2_0.obj
[0.112s] -- Up-to-date symlink: /ws/install/bcr_ur5e_description/share/bcr_ur5e_description/mujoco/assets/wrist2_1.obj
[0.112s] -- Up-to-date symlink: /ws/install/bcr_ur5e_description/share/bcr_ur5e_description/mujoco/assets/wrist2_2.obj
[0.113s] -- Up-to-date symlink: /ws/install/bcr_ur5e_description/share/bcr_ur5e_description/mujoco/assets/wrist3.obj
[0.113s] -- Up-to-date symlink: /ws/install/bcr_ur5e_description/share/bcr_ur5e_description/mujoco/scene_table.xml
[0.113s] -- Up-to-date symlink: /ws/install/bcr_ur5e_description/share/bcr_ur5e_description/mujoco/ur5e_assignment.xml
[0.114s] -- Up-to-date symlink: /ws/install/bcr_ur5e_description/share/bcr_ur5e_description/launch/display_urdf.launch.py
[0.114s] -- Up-to-date symlink: /ws/install/bcr_ur5e_description/share/bcr_ur5e_description/launch/mujoco_viewer.launch.py
[0.114s] -- Up-to-date symlink: /ws/install/bcr_ur5e_description/share/bcr_ur5e_description/urdf/ur5e_with_tool.urdf.xacro
[0.115s] -- Up-to-date symlink: /ws/install/bcr_ur5e_description/share/ament_index/resource_index/package_run_dependencies/bcr_ur5e_description
[0.115s] -- Up-to-date symlink: /ws/install/bcr_ur5e_description/share/ament_index/resource_index/parent_prefix_path/bcr_ur5e_description
[0.115s] -- Up-to-date symlink: /ws/install/bcr_ur5e_description/share/bcr_ur5e_description/environment/ament_prefix_path.sh
[0.115s] -- Up-to-date symlink: /ws/install/bcr_ur5e_description/share/bcr_ur5e_description/environment/ament_prefix_path.dsv
[0.116s] -- Up-to-date symlink: /ws/install/bcr_ur5e_description/share/bcr_ur5e_description/environment/path.sh
[0.116s] -- Up-to-date symlink: /ws/install/bcr_ur5e_description/share/bcr_ur5e_description/environment/path.dsv
[0.116s] -- Up-to-date symlink: /ws/install/bcr_ur5e_description/share/bcr_ur5e_description/local_setup.bash
[0.117s] -- Up-to-date symlink: /ws/install/bcr_ur5e_description/share/bcr_ur5e_description/local_setup.sh
[0.118s] -- Up-to-date symlink: /ws/install/bcr_ur5e_description/share/bcr_ur5e_description/local_setup.zsh
[0.118s] -- Up-to-date symlink: /ws/install/bcr_ur5e_description/share/bcr_ur5e_description/local_setup.dsv
[0.119s] -- Symlinking: /ws/install/bcr_ur5e_description/share/bcr_ur5e_description/package.dsv
[0.132s] -- Up-to-date symlink: /ws/install/bcr_ur5e_description/share/ament_index/resource_index/packages/bcr_ur5e_description
[0.132s] -- Up-to-date symlink: /ws/install/bcr_ur5e_description/share/bcr_ur5e_description/cmake/bcr_ur5e_descriptionConfig.cmake
[0.132s] -- Up-to-date symlink: /ws/install/bcr_ur5e_description/share/bcr_ur5e_description/cmake/bcr_ur5e_descriptionConfig-version.cmake
[0.133s] -- Up-to-date symlink: /ws/install/bcr_ur5e_description/share/bcr_ur5e_description/package.xml
[0.136s] Invoked command in '/ws/build/bcr_ur5e_description' returned '0': CMAKE_PREFIX_PATH=${CMAKE_PREFIX_PATH}:/opt/ros/humble /usr/bin/cmake --install /ws/build/bcr_ur5e_description
